/home/xushijie/.conda/envs/scizor-curation/lib/python3.11/site-packages/transformers/utils/hub.py:124: FutureWarning: Using `TRANSFORMERS_CACHE` is deprecated and will be removed in v5 of Transformers. Use `HF_HOME` instead.
  warnings.warn(
/home/xushijie/.conda/envs/scizor-curation/lib/python3.11/site-packages/huggingface_hub/file_download.py:949: FutureWarning: `resume_download` is deprecated and will be removed in version 1.0.0. Downloads always resume when possible. If you want to force a new download, use `force_download=True`.
  warnings.warn(
[1/340] can/can_demo_0_axis_impulse_t52_m1.00
[2/340] can/can_demo_0_flip_gripper_t112_m1.00
[3/340] can/can_demo_0_reverse_motion_t112_m1.00
[4/340] can/can_demo_0_zero_motion_t112_m1.00
[5/340] can/can_demo_100_axis_impulse_t13_m1.00
[6/340] can/can_demo_100_flip_gripper_t105_m1.00
[7/340] can/can_demo_100_reverse_motion_t105_m1.00
[8/340] can/can_demo_100_zero_motion_t105_m1.00
[9/340] can/can_demo_101_axis_impulse_t124_m1.00
[10/340] can/can_demo_101_clean
[11/340] can/can_demo_101_flip_gripper_t77_m1.00
[12/340] can/can_demo_101_reverse_motion_t77_m1.00
[13/340] can/can_demo_101_zero_motion_t77_m1.00
[14/340] can/can_demo_102_axis_impulse_t98_m1.00
[15/340] can/can_demo_102_flip_gripper_t67_m1.00
[16/340] can/can_demo_102_reverse_motion_t67_m1.00
[17/340] can/can_demo_102_zero_motion_t67_m1.00
[18/340] can/can_demo_103_axis_impulse_t56_m1.00
[19/340] can/can_demo_103_flip_gripper_t46_m1.00
[20/340] can/can_demo_103_reverse_motion_t46_m1.00
[21/340] can/can_demo_103_zero_motion_t46_m1.00
[22/340] can/can_demo_106_axis_impulse_t5_m1.00
[23/340] can/can_demo_106_flip_gripper_t107_m1.00
[24/340] can/can_demo_106_reverse_motion_t107_m1.00
[25/340] can/can_demo_106_zero_motion_t107_m1.00
[26/340] can/can_demo_107_axis_impulse_t107_m1.00
[27/340] can/can_demo_107_clean
[28/340] can/can_demo_107_flip_gripper_t70_m1.00
[29/340] can/can_demo_107_reverse_motion_t70_m1.00
[30/340] can/can_demo_107_zero_motion_t70_m1.00
[31/340] can/can_demo_108_axis_impulse_t87_m1.00
[32/340] can/can_demo_108_flip_gripper_t60_m1.00
[33/340] can/can_demo_108_reverse_motion_t60_m1.00
[34/340] can/can_demo_108_zero_motion_t60_m1.00
[35/340] can/can_demo_109_axis_impulse_t80_m1.00
[36/340] can/can_demo_109_flip_gripper_t62_m1.00
[37/340] can/can_demo_109_reverse_motion_t62_m1.00
[38/340] can/can_demo_109_zero_motion_t62_m1.00
[39/340] can/can_demo_10_axis_impulse_t60_m1.00
[40/340] can/can_demo_10_flip_gripper_t118_m1.00
[41/340] can/can_demo_10_reverse_motion_t118_m1.00
[42/340] can/can_demo_10_zero_motion_t118_m1.00
[43/340] can/can_demo_110_axis_impulse_t117_m1.00
[44/340] can/can_demo_110_clean
[45/340] can/can_demo_110_flip_gripper_t71_m1.00
[46/340] can/can_demo_110_reverse_motion_t71_m1.00
[47/340] can/can_demo_110_zero_motion_t71_m1.00
[48/340] can/can_demo_111_axis_impulse_t93_m1.00
[49/340] can/can_demo_111_flip_gripper_t77_m1.00
[50/340] can/can_demo_111_reverse_motion_t77_m1.00
[51/340] can/can_demo_111_zero_motion_t77_m1.00
[52/340] can/can_demo_112_axis_impulse_t60_m1.00
[53/340] can/can_demo_112_flip_gripper_t41_m1.00
[54/340] can/can_demo_112_reverse_motion_t41_m1.00
[55/340] can/can_demo_112_zero_motion_t41_m1.00
[56/340] can/can_demo_113_axis_impulse_t10_m1.00
[57/340] can/can_demo_113_flip_gripper_t101_m1.00
[58/340] can/can_demo_113_reverse_motion_t101_m1.00
[59/340] can/can_demo_113_zero_motion_t101_m1.00
[60/340] can/can_demo_114_axis_impulse_t110_m1.00
[61/340] can/can_demo_114_clean
[62/340] can/can_demo_114_flip_gripper_t99_m1.00
[63/340] can/can_demo_114_reverse_motion_t99_m1.00
[64/340] can/can_demo_114_zero_motion_t99_m1.00
[65/340] can/can_demo_115_axis_impulse_t91_m1.00
[66/340] can/can_demo_115_flip_gripper_t77_m1.00
[67/340] can/can_demo_115_reverse_motion_t77_m1.00
[68/340] can/can_demo_115_zero_motion_t77_m1.00
[69/340] can/can_demo_116_axis_impulse_t57_m1.00
[70/340] can/can_demo_116_flip_gripper_t47_m1.00
[71/340] can/can_demo_116_reverse_motion_t47_m1.00
[72/340] can/can_demo_116_zero_motion_t47_m1.00
[73/340] can/can_demo_117_axis_impulse_t64_m1.00
[74/340] can/can_demo_117_flip_gripper_t115_m1.00
[75/340] can/can_demo_117_reverse_motion_t115_m1.00
[76/340] can/can_demo_117_zero_motion_t115_m1.00
[77/340] can/can_demo_118_axis_impulse_t32_m1.00
[78/340] can/can_demo_118_clean
[79/340] can/can_demo_118_flip_gripper_t78_m1.00
[80/340] can/can_demo_118_reverse_motion_t78_m1.00
[81/340] can/can_demo_118_zero_motion_t78_m1.00
[82/340] can/can_demo_119_axis_impulse_t86_m1.00
[83/340] can/can_demo_119_flip_gripper_t64_m1.00
[84/340] can/can_demo_119_reverse_motion_t64_m1.00
[85/340] can/can_demo_119_zero_motion_t64_m1.00
[86/340] can/can_demo_11_axis_impulse_t74_m1.00
[87/340] can/can_demo_11_flip_gripper_t48_m1.00
[88/340] can/can_demo_11_reverse_motion_t48_m1.00
[89/340] can/can_demo_11_zero_motion_t48_m1.00
[90/340] can/can_demo_120_axis_impulse_t50_m1.00
[91/340] can/can_demo_120_flip_gripper_t36_m1.00
[92/340] can/can_demo_120_reverse_motion_t36_m1.00
[93/340] can/can_demo_120_zero_motion_t36_m1.00
[94/340] can/can_demo_121_axis_impulse_t48_m1.00
[95/340] can/can_demo_121_clean
[96/340] can/can_demo_121_flip_gripper_t82_m1.00
[97/340] can/can_demo_121_reverse_motion_t82_m1.00
[98/340] can/can_demo_121_zero_motion_t82_m1.00
[99/340] can/can_demo_122_axis_impulse_t76_m1.00
[100/340] can/can_demo_122_flip_gripper_t60_m1.00
[101/340] can/can_demo_122_reverse_motion_t60_m1.00
[102/340] can/can_demo_122_zero_motion_t60_m1.00
[103/340] can/can_demo_123_axis_impulse_t78_m1.00
[104/340] can/can_demo_123_flip_gripper_t68_m1.00
[105/340] can/can_demo_123_reverse_motion_t68_m1.00
[106/340] can/can_demo_123_zero_motion_t68_m1.00
[107/340] can/can_demo_124_axis_impulse_t50_m1.00
[108/340] can/can_demo_124_flip_gripper_t119_m1.00
[109/340] can/can_demo_124_reverse_motion_t119_m1.00
[110/340] can/can_demo_124_zero_motion_t119_m1.00
[111/340] can/can_demo_125_axis_impulse_t121_m1.00
[112/340] can/can_demo_125_clean
[113/340] can/can_demo_125_flip_gripper_t80_m1.00
[114/340] can/can_demo_125_reverse_motion_t80_m1.00
[115/340] can/can_demo_125_zero_motion_t80_m1.00
[116/340] can/can_demo_126_axis_impulse_t76_m1.00
[117/340] can/can_demo_126_flip_gripper_t63_m1.00
[118/340] can/can_demo_126_reverse_motion_t63_m1.00
[119/340] can/can_demo_126_zero_motion_t63_m1.00
[120/340] can/can_demo_127_axis_impulse_t78_m1.00
[121/340] can/can_demo_127_flip_gripper_t62_m1.00
[122/340] can/can_demo_127_reverse_motion_t62_m1.00
[123/340] can/can_demo_127_zero_motion_t62_m1.00
[124/340] can/can_demo_128_axis_impulse_t59_m1.00
[125/340] can/can_demo_128_flip_gripper_t49_m1.00
[126/340] can/can_demo_128_reverse_motion_t49_m1.00
[127/340] can/can_demo_128_zero_motion_t49_m1.00
[128/340] can/can_demo_129_axis_impulse_t108_m1.00
[129/340] can/can_demo_129_clean
[130/340] can/can_demo_129_flip_gripper_t78_m1.00
[131/340] can/can_demo_129_reverse_motion_t78_m1.00
[132/340] can/can_demo_129_zero_motion_t78_m1.00
[133/340] can/can_demo_12_axis_impulse_t75_m1.00
[134/340] can/can_demo_12_flip_gripper_t64_m1.00
[135/340] can/can_demo_12_reverse_motion_t64_m1.00
[136/340] can/can_demo_12_zero_motion_t64_m1.00
[137/340] can/can_demo_131_axis_impulse_t61_m1.00
[138/340] can/can_demo_131_flip_gripper_t51_m1.00
[139/340] can/can_demo_131_reverse_motion_t51_m1.00
[140/340] can/can_demo_131_zero_motion_t51_m1.00
[141/340] can/can_demo_132_axis_impulse_t43_m1.00
[142/340] can/can_demo_132_flip_gripper_t106_m1.00
[143/340] can/can_demo_132_reverse_motion_t106_m1.00
[144/340] can/can_demo_132_zero_motion_t106_m1.00
[145/340] can/can_demo_133_axis_impulse_t46_m1.00
[146/340] can/can_demo_133_clean
[147/340] can/can_demo_133_flip_gripper_t95_m1.00
[148/340] can/can_demo_133_reverse_motion_t95_m1.00
[149/340] can/can_demo_133_zero_motion_t95_m1.00
[150/340] can/can_demo_134_axis_impulse_t70_m1.00
[151/340] can/can_demo_134_flip_gripper_t56_m1.00
[152/340] can/can_demo_134_reverse_motion_t56_m1.00
[153/340] can/can_demo_134_zero_motion_t56_m1.00
[154/340] can/can_demo_135_axis_impulse_t70_m1.00
[155/340] can/can_demo_135_flip_gripper_t60_m1.00
[156/340] can/can_demo_135_reverse_motion_t60_m1.00
[157/340] can/can_demo_135_zero_motion_t60_m1.00
[158/340] can/can_demo_13_axis_impulse_t59_m1.00
[159/340] can/can_demo_13_flip_gripper_t115_m1.00
[160/340] can/can_demo_13_reverse_motion_t115_m1.00
[161/340] can/can_demo_13_zero_motion_t115_m1.00
[162/340] can/can_demo_14_axis_impulse_t106_m1.00
[163/340] can/can_demo_14_clean
[164/340] can/can_demo_14_flip_gripper_t73_m1.00
[165/340] can/can_demo_14_reverse_motion_t73_m1.00
[166/340] can/can_demo_14_zero_motion_t73_m1.00
[167/340] can/can_demo_1_axis_impulse_t69_m1.00
[168/340] can/can_demo_1_flip_gripper_t54_m1.00
[169/340] can/can_demo_1_reverse_motion_t54_m1.00
[170/340] can/can_demo_1_zero_motion_t54_m1.00
[171/340] square/square_demo_0_axis_impulse_t55_m0.25
[172/340] square/square_demo_0_flip_gripper_t116_m0.50
[173/340] square/square_demo_0_reverse_motion_t116_m0.25
[174/340] square/square_demo_0_zero_motion_t116_m0.50
[175/340] square/square_demo_100_axis_impulse_t131_m0.25
[176/340] square/square_demo_100_flip_gripper_t121_m0.50
[177/340] square/square_demo_100_reverse_motion_t121_m0.25
[178/340] square/square_demo_100_zero_motion_t121_m0.50
[179/340] square/square_demo_101_axis_impulse_t155_m0.25
[180/340] square/square_demo_101_clean
[181/340] square/square_demo_101_flip_gripper_t88_m0.50
[182/340] square/square_demo_101_reverse_motion_t88_m0.25
[183/340] square/square_demo_101_zero_motion_t88_m0.50
[184/340] square/square_demo_102_axis_impulse_t92_m0.25
[185/340] square/square_demo_102_flip_gripper_t63_m0.50
[186/340] square/square_demo_102_reverse_motion_t63_m0.25
[187/340] square/square_demo_102_zero_motion_t63_m0.50
[188/340] square/square_demo_103_axis_impulse_t72_m0.25
[189/340] square/square_demo_103_flip_gripper_t147_m0.50
[190/340] square/square_demo_103_reverse_motion_t147_m0.25
[191/340] square/square_demo_103_zero_motion_t147_m0.50
[192/340] square/square_demo_104_axis_impulse_t60_m0.25
[193/340] square/square_demo_104_flip_gripper_t45_m0.50
[194/340] square/square_demo_104_reverse_motion_t45_m0.25
[195/340] square/square_demo_104_zero_motion_t45_m0.50
[196/340] square/square_demo_105_axis_impulse_t134_m0.25
[197/340] square/square_demo_105_clean
[198/340] square/square_demo_105_flip_gripper_t83_m0.50
[199/340] square/square_demo_105_reverse_motion_t83_m0.25
[200/340] square/square_demo_105_zero_motion_t83_m0.50
[201/340] square/square_demo_108_axis_impulse_t78_m0.25
[202/340] square/square_demo_108_flip_gripper_t68_m0.50
[203/340] square/square_demo_108_reverse_motion_t68_m0.25
[204/340] square/square_demo_108_zero_motion_t68_m0.50
[205/340] square/square_demo_109_axis_impulse_t62_m0.25
[206/340] square/square_demo_109_flip_gripper_t46_m0.50
[207/340] square/square_demo_109_reverse_motion_t46_m0.25
[208/340] square/square_demo_109_zero_motion_t46_m0.50
[209/340] square/square_demo_10_axis_impulse_t54_m0.25
[210/340] square/square_demo_10_flip_gripper_t126_m0.50
[211/340] square/square_demo_10_reverse_motion_t126_m0.25
[212/340] square/square_demo_10_zero_motion_t126_m0.50
[213/340] square/square_demo_110_axis_impulse_t119_m0.25
[214/340] square/square_demo_110_clean
[215/340] square/square_demo_110_flip_gripper_t85_m0.50
[216/340] square/square_demo_110_reverse_motion_t85_m0.25
[217/340] square/square_demo_110_zero_motion_t85_m0.50
[218/340] square/square_demo_111_axis_impulse_t97_m0.25
[219/340] square/square_demo_111_flip_gripper_t71_m0.50
[220/340] square/square_demo_111_reverse_motion_t71_m0.25
[221/340] square/square_demo_111_zero_motion_t71_m0.50
[222/340] square/square_demo_112_axis_impulse_t64_m0.25
[223/340] square/square_demo_112_flip_gripper_t118_m0.50
[224/340] square/square_demo_112_reverse_motion_t118_m0.25
[225/340] square/square_demo_112_zero_motion_t118_m0.50
[226/340] square/square_demo_113_axis_impulse_t66_m0.25
[227/340] square/square_demo_113_flip_gripper_t167_m0.50
[228/340] square/square_demo_113_reverse_motion_t167_m0.25
[229/340] square/square_demo_113_zero_motion_t167_m0.50
[230/340] square/square_demo_114_axis_impulse_t103_m0.25
[231/340] square/square_demo_114_clean
[232/340] square/square_demo_114_flip_gripper_t69_m0.50
[233/340] square/square_demo_114_reverse_motion_t69_m0.25
[234/340] square/square_demo_114_zero_motion_t69_m0.50
[235/340] square/square_demo_115_axis_impulse_t85_m0.25
[236/340] square/square_demo_115_flip_gripper_t75_m0.50
[237/340] square/square_demo_115_reverse_motion_t75_m0.25
[238/340] square/square_demo_115_zero_motion_t75_m0.50
[239/340] square/square_demo_116_axis_impulse_t70_m0.25
[240/340] square/square_demo_116_flip_gripper_t152_m0.50
[241/340] square/square_demo_116_reverse_motion_t152_m0.25
[242/340] square/square_demo_116_zero_motion_t152_m0.50
[243/340] square/square_demo_117_axis_impulse_t117_m0.25
[244/340] square/square_demo_117_flip_gripper_t102_m0.50
[245/340] square/square_demo_117_reverse_motion_t102_m0.25
[246/340] square/square_demo_117_zero_motion_t102_m0.50
[247/340] square/square_demo_118_axis_impulse_t110_m0.25
[248/340] square/square_demo_118_clean
[249/340] square/square_demo_118_flip_gripper_t81_m0.50
[250/340] square/square_demo_118_reverse_motion_t81_m0.25
[251/340] square/square_demo_118_zero_motion_t81_m0.50
[252/340] square/square_demo_119_axis_impulse_t98_m0.25
[253/340] square/square_demo_119_flip_gripper_t87_m0.50
[254/340] square/square_demo_119_reverse_motion_t87_m0.25
[255/340] square/square_demo_119_zero_motion_t87_m0.50
[256/340] square/square_demo_11_axis_impulse_t78_m0.25
[257/340] square/square_demo_11_flip_gripper_t146_m0.50
[258/340] square/square_demo_11_reverse_motion_t146_m0.25
[259/340] square/square_demo_11_zero_motion_t146_m0.50
[260/340] square/square_demo_120_axis_impulse_t61_m0.25
[261/340] square/square_demo_120_flip_gripper_t161_m0.50
[262/340] square/square_demo_120_reverse_motion_t161_m0.25
[263/340] square/square_demo_120_zero_motion_t161_m0.50
[264/340] square/square_demo_121_axis_impulse_t131_m0.25
[265/340] square/square_demo_121_clean
[266/340] square/square_demo_121_flip_gripper_t76_m0.50
[267/340] square/square_demo_121_reverse_motion_t76_m0.25
[268/340] square/square_demo_121_zero_motion_t76_m0.50
[269/340] square/square_demo_122_axis_impulse_t74_m0.25
[270/340] square/square_demo_122_flip_gripper_t64_m0.50
[271/340] square/square_demo_122_reverse_motion_t64_m0.25
[272/340] square/square_demo_122_zero_motion_t64_m0.50
[273/340] square/square_demo_123_axis_impulse_t65_m0.25
[274/340] square/square_demo_123_flip_gripper_t41_m0.50
[275/340] square/square_demo_123_reverse_motion_t41_m0.25
[276/340] square/square_demo_123_zero_motion_t41_m0.50
[277/340] square/square_demo_125_axis_impulse_t132_m0.25
[278/340] square/square_demo_125_flip_gripper_t103_m0.50
[279/340] square/square_demo_125_reverse_motion_t103_m0.25
[280/340] square/square_demo_125_zero_motion_t103_m0.50
[281/340] square/square_demo_126_axis_impulse_t125_m0.25
[282/340] square/square_demo_126_clean
[283/340] square/square_demo_126_flip_gripper_t79_m0.50
[284/340] square/square_demo_126_reverse_motion_t79_m0.25
[285/340] square/square_demo_126_zero_motion_t79_m0.50
[286/340] square/square_demo_127_axis_impulse_t72_m0.25
[287/340] square/square_demo_127_flip_gripper_t62_m0.50
[288/340] square/square_demo_127_reverse_motion_t62_m0.25
[289/340] square/square_demo_127_zero_motion_t62_m0.50
[290/340] square/square_demo_128_axis_impulse_t61_m0.25
[291/340] square/square_demo_128_flip_gripper_t125_m0.50
[292/340] square/square_demo_128_reverse_motion_t125_m0.25
[293/340] square/square_demo_128_zero_motion_t125_m0.50
[294/340] square/square_demo_129_axis_impulse_t143_m0.25
[295/340] square/square_demo_129_flip_gripper_t133_m0.50
[296/340] square/square_demo_129_reverse_motion_t133_m0.25
[297/340] square/square_demo_129_zero_motion_t133_m0.50
[298/340] square/square_demo_12_axis_impulse_t105_m0.25
[299/340] square/square_demo_12_clean
[300/340] square/square_demo_12_flip_gripper_t91_m0.50
[301/340] square/square_demo_12_reverse_motion_t91_m0.25
[302/340] square/square_demo_12_zero_motion_t91_m0.50
[303/340] square/square_demo_130_axis_impulse_t76_m0.25
[304/340] square/square_demo_130_flip_gripper_t66_m0.50
[305/340] square/square_demo_130_reverse_motion_t66_m0.25
[306/340] square/square_demo_130_zero_motion_t66_m0.50
[307/340] square/square_demo_131_axis_impulse_t60_m0.25
[308/340] square/square_demo_131_flip_gripper_t50_m0.50
[309/340] square/square_demo_131_reverse_motion_t50_m0.25
[310/340] square/square_demo_131_zero_motion_t50_m0.50
[311/340] square/square_demo_132_axis_impulse_t61_m0.25
[312/340] square/square_demo_132_flip_gripper_t142_m0.50
[313/340] square/square_demo_132_reverse_motion_t142_m0.25
[314/340] square/square_demo_132_zero_motion_t142_m0.50
[315/340] square/square_demo_133_axis_impulse_t121_m0.25
[316/340] square/square_demo_133_clean
[317/340] square/square_demo_133_flip_gripper_t73_m0.50
[318/340] square/square_demo_133_reverse_motion_t73_m0.25
[319/340] square/square_demo_133_zero_motion_t73_m0.50
[320/340] square/square_demo_134_axis_impulse_t77_m0.25
[321/340] square/square_demo_134_flip_gripper_t66_m0.50
[322/340] square/square_demo_134_reverse_motion_t66_m0.25
[323/340] square/square_demo_134_zero_motion_t66_m0.50
[324/340] square/square_demo_135_axis_impulse_t56_m0.25
[325/340] square/square_demo_135_flip_gripper_t34_m0.50
[326/340] square/square_demo_135_reverse_motion_t34_m0.25
[327/340] square/square_demo_135_zero_motion_t34_m0.50
[328/340] square/square_demo_136_axis_impulse_t57_m0.25
[329/340] square/square_demo_136_flip_gripper_t130_m0.50
[330/340] square/square_demo_136_reverse_motion_t130_m0.25
[331/340] square/square_demo_136_zero_motion_t130_m0.50
[332/340] square/square_demo_14_axis_impulse_t104_m0.25
[333/340] square/square_demo_14_clean
[334/340] square/square_demo_14_flip_gripper_t76_m0.50
[335/340] square/square_demo_14_reverse_motion_t76_m0.25
[336/340] square/square_demo_14_zero_motion_t76_m0.50
[337/340] square/square_demo_1_axis_impulse_t99_m0.25
[338/340] square/square_demo_1_flip_gripper_t68_m0.50
[339/340] square/square_demo_1_reverse_motion_t68_m0.25
[340/340] square/square_demo_1_zero_motion_t68_m0.50
{
  "demo_count": 340,
  "feature_index_sha256": "ec41a39efb08ec20b7e2938a3df11b868603bdefb73430e4daaa2ef74d4655d0",
  "image_embedding_dim": 768,
  "num_shards": 4,
  "shard_index": 2,
  "source_split_manifest_sha256": "e8b81c36c20ac2ebefc739fa4ff1bb5167b32842b69bc8fb93f9be6a3484ab0b",
  "source_transition_labels_sha256": "b2cbb25de15e1f804eb4498738c4218d61e1c0b3a621d59b13254a4afec0be0a",
  "split_demo_counts": {
    "test": 68,
    "train": 206,
    "validation": 66
  },
  "split_transition_counts": {
    "test": 9138,
    "train": 26624,
    "validation": 8366
  },
  "state_pad_dim": 71,
  "transition_count": 44128,
  "visual_encoder": "facebook/dinov2-base"
}
