[robosuite WARNING] No private macro file found! (macros.py:53)
[robosuite WARNING] It is recommended to use a private macro file (macros.py:54)
[robosuite WARNING] To setup, run: python /home/xushijie/.conda/envs/mimicgen/lib/python3.9/site-packages/robosuite/scripts/setup_macros.py (macros.py:55)

============= Initialized Observation Utils with Obs Spec =============

using obs modality: low_dim with keys: ['robot0_eef_pos']
using obs modality: rgb with keys: []
WARNING: robosuite task zoo environments not imported, possibly because robosuite_task_zoo is not installed...
Got error: No module named 'robosuite_task_zoo'
WARNING: could not import mimicgen envs
WARNING: could not import robocasa envs
WARNING: could not import dexmimicgen envs
WARNING: could not import LIBERO envs
4
Created environment with name NutAssemblySquare
Action size is 7

============= Initialized Observation Utils with Obs Spec =============

using obs modality: low_dim with keys: ['robot0_eef_pos']
using obs modality: rgb with keys: []
4
Created environment with name NutAssemblySquare
Action size is 7
{
  "source": "/home/__compress_data/xushijie/work/cr_scizor/data/robomimic/square/ph/image.hdf5",
  "demo_id": "demo_0",
  "runtime_model_sha256": "77bc5a2982a34f1c072312804dfc67106c055b0a00b677fad02ca442511752b1",
  "steps": 127,
  "max_states_pre_abs": 0.0,
  "max_states_post_abs": 0.0,
  "max_reward_abs": 0.0,
  "max_staged_abs": 0.0,
  "success_all_equal": true,
  "determinism_pass": true
}
