/home/xushijie/.conda/envs/scizor-curation/lib/python3.11/site-packages/huggingface_hub/file_download.py:949: FutureWarning: `resume_download` is deprecated and will be removed in version 1.0.0. Downloads always resume when possible. If you want to force a new download, use `force_download=True`.
  warnings.warn(

  0%|          | 0/200 [00:00<?, ?it/s]/home/xushijie/.conda/envs/scizor-curation/lib/python3.11/site-packages/huggingface_hub/file_download.py:949: FutureWarning: `resume_download` is deprecated and will be removed in version 1.0.0. Downloads always resume when possible. If you want to force a new download, use `force_download=True`.
  warnings.warn(

  0%|          | 1/200 [00:01<05:52,  1.77s/it]
  1%|          | 2/200 [00:02<04:07,  1.25s/it]
  2%|▏         | 3/200 [00:03<03:30,  1.07s/it]
  2%|▏         | 4/200 [00:04<03:17,  1.01s/it]
  2%|▎         | 5/200 [00:05<03:06,  1.05it/s]
  3%|▎         | 6/200 [00:06<03:00,  1.07it/s]
  4%|▎         | 7/200 [00:07<02:53,  1.11it/s]
  4%|▍         | 8/200 [00:07<02:49,  1.14it/s]
  4%|▍         | 9/200 [00:08<02:51,  1.12it/s]
  5%|▌         | 10/200 [00:09<02:53,  1.10it/s]
  6%|▌         | 11/200 [00:11<03:35,  1.14s/it]
  6%|▌         | 12/200 [00:12<03:20,  1.06s/it]
  6%|▋         | 13/200 [00:13<03:08,  1.01s/it]
  7%|▋         | 14/200 [00:14<03:10,  1.02s/it]
  8%|▊         | 15/200 [00:15<03:03,  1.01it/s]
  8%|▊         | 16/200 [00:16<02:59,  1.03it/s]
  8%|▊         | 17/200 [00:16<02:54,  1.05it/s]
  9%|▉         | 18/200 [00:17<02:48,  1.08it/s]
 10%|▉         | 19/200 [00:18<02:46,  1.09it/s]
 10%|█         | 20/200 [00:19<02:44,  1.09it/s]
 10%|█         | 21/200 [00:20<02:39,  1.12it/s]
 11%|█         | 22/200 [00:21<02:34,  1.15it/s]
 12%|█▏        | 23/200 [00:22<02:30,  1.18it/s]
 12%|█▏        | 24/200 [00:22<02:30,  1.17it/s]
 12%|█▎        | 25/200 [00:23<02:29,  1.17it/s]
 13%|█▎        | 26/200 [00:24<02:28,  1.17it/s]
 14%|█▎        | 27/200 [00:25<02:31,  1.14it/s]
 14%|█▍        | 28/200 [00:26<02:31,  1.13it/s]
 14%|█▍        | 29/200 [00:27<02:31,  1.13it/s]
 15%|█▌        | 30/200 [00:28<02:32,  1.12it/s]
 16%|█▌        | 31/200 [00:29<02:29,  1.13it/s]
 16%|█▌        | 32/200 [00:29<02:24,  1.17it/s]
 16%|█▋        | 33/200 [00:30<02:20,  1.19it/s]
 17%|█▋        | 34/200 [00:31<02:18,  1.20it/s]
 18%|█▊        | 35/200 [00:32<02:27,  1.12it/s]
 18%|█▊        | 36/200 [00:33<02:25,  1.13it/s]
 18%|█▊        | 37/200 [00:34<02:25,  1.12it/s]
 19%|█▉        | 38/200 [00:35<02:20,  1.15it/s]
 20%|█▉        | 39/200 [00:36<02:18,  1.16it/s]
 20%|██        | 40/200 [00:36<02:17,  1.16it/s]
 20%|██        | 41/200 [00:37<02:17,  1.16it/s]
 21%|██        | 42/200 [00:38<02:21,  1.12it/s]
 22%|██▏       | 43/200 [00:39<02:20,  1.11it/s]
 22%|██▏       | 44/200 [00:40<02:19,  1.12it/s]
 22%|██▎       | 45/200 [00:41<02:16,  1.14it/s]
 23%|██▎       | 46/200 [00:42<02:13,  1.15it/s]
 24%|██▎       | 47/200 [00:43<02:15,  1.13it/s]
 24%|██▍       | 48/200 [00:44<02:13,  1.14it/s]
 24%|██▍       | 49/200 [00:44<02:12,  1.14it/s]
 25%|██▌       | 50/200 [00:45<02:10,  1.15it/s]
 26%|██▌       | 51/200 [00:46<02:23,  1.04it/s]
 26%|██▌       | 52/200 [00:47<02:24,  1.02it/s]
 26%|██▋       | 53/200 [00:48<02:22,  1.03it/s]
 27%|██▋       | 54/200 [00:49<02:18,  1.05it/s]
 28%|██▊       | 55/200 [00:50<02:12,  1.09it/s]
 28%|██▊       | 56/200 [00:51<02:14,  1.07it/s]
 28%|██▊       | 57/200 [00:52<02:07,  1.12it/s]
 29%|██▉       | 58/200 [00:53<02:04,  1.14it/s]
 30%|██▉       | 59/200 [00:54<02:01,  1.16it/s]
 30%|███       | 60/200 [00:54<01:59,  1.17it/s]
 30%|███       | 61/200 [00:55<01:58,  1.18it/s]
 31%|███       | 62/200 [00:56<02:01,  1.14it/s]
 32%|███▏      | 63/200 [00:57<02:00,  1.13it/s]
 32%|███▏      | 64/200 [00:58<01:58,  1.14it/s]
 32%|███▎      | 65/200 [00:59<01:59,  1.13it/s]
 33%|███▎      | 66/200 [01:00<01:56,  1.15it/s]
 34%|███▎      | 67/200 [01:01<01:56,  1.14it/s]
 34%|███▍      | 68/200 [01:02<02:01,  1.09it/s]
 34%|███▍      | 69/200 [01:03<02:04,  1.05it/s]
 35%|███▌      | 70/200 [01:04<02:01,  1.07it/s]
 36%|███▌      | 71/200 [01:04<01:56,  1.11it/s]
 36%|███▌      | 72/200 [01:05<01:52,  1.14it/s]
 36%|███▋      | 73/200 [01:06<01:50,  1.15it/s]
 37%|███▋      | 74/200 [01:07<01:51,  1.13it/s]
 38%|███▊      | 75/200 [01:08<01:47,  1.16it/s]
 38%|███▊      | 76/200 [01:09<01:59,  1.03it/s]
 38%|███▊      | 77/200 [01:10<01:56,  1.06it/s]
 39%|███▉      | 78/200 [01:11<01:50,  1.10it/s]
 40%|███▉      | 79/200 [01:11<01:46,  1.13it/s]
 40%|████      | 80/200 [01:12<01:42,  1.17it/s]
 40%|████      | 81/200 [01:13<01:40,  1.18it/s]
 41%|████      | 82/200 [01:14<01:41,  1.17it/s]
 42%|████▏     | 83/200 [01:15<01:40,  1.17it/s]
 42%|████▏     | 84/200 [01:16<01:40,  1.15it/s]
 42%|████▎     | 85/200 [01:17<01:49,  1.05it/s]
 43%|████▎     | 86/200 [01:18<01:49,  1.04it/s]
 44%|████▎     | 87/200 [01:19<01:51,  1.02it/s]
 44%|████▍     | 88/200 [01:20<01:45,  1.06it/s]
 44%|████▍     | 89/200 [01:21<01:42,  1.08it/s]
 45%|████▌     | 90/200 [01:21<01:39,  1.10it/s]
 46%|████▌     | 91/200 [01:22<01:37,  1.12it/s]
 46%|████▌     | 92/200 [01:23<01:37,  1.10it/s]
 46%|████▋     | 93/200 [01:24<01:36,  1.10it/s]
 47%|████▋     | 94/200 [01:25<01:33,  1.14it/s]
 48%|████▊     | 95/200 [01:26<01:32,  1.14it/s]
 48%|████▊     | 96/200 [01:27<01:31,  1.14it/s]
 48%|████▊     | 97/200 [01:28<01:30,  1.14it/s]
 49%|████▉     | 98/200 [01:28<01:29,  1.14it/s]
 50%|████▉     | 99/200 [01:29<01:28,  1.14it/s]
 50%|█████     | 100/200 [01:30<01:27,  1.14it/s]
 50%|█████     | 101/200 [01:31<01:28,  1.12it/s]
 51%|█████     | 102/200 [01:32<01:31,  1.07it/s]
 52%|█████▏    | 103/200 [01:33<01:29,  1.08it/s]
 52%|█████▏    | 104/200 [01:34<01:27,  1.10it/s]
 52%|█████▎    | 105/200 [01:35<01:26,  1.09it/s]
 53%|█████▎    | 106/200 [01:36<01:37,  1.03s/it]
 54%|█████▎    | 107/200 [01:37<01:29,  1.03it/s]
 54%|█████▍    | 108/200 [01:38<01:26,  1.07it/s]
 55%|█████▍    | 109/200 [01:39<01:25,  1.06it/s]
 55%|█████▌    | 110/200 [01:40<01:23,  1.08it/s]
 56%|█████▌    | 111/200 [01:41<01:23,  1.06it/s]
 56%|█████▌    | 112/200 [01:42<01:19,  1.10it/s]
 56%|█████▋    | 113/200 [01:43<01:22,  1.06it/s]
 57%|█████▋    | 114/200 [01:44<01:21,  1.06it/s]
 57%|█████▊    | 115/200 [01:45<01:21,  1.04it/s]
 58%|█████▊    | 116/200 [01:45<01:17,  1.08it/s]
 58%|█████▊    | 117/200 [01:46<01:13,  1.12it/s]
 59%|█████▉    | 118/200 [01:47<01:12,  1.14it/s]
 60%|█████▉    | 119/200 [01:48<01:11,  1.13it/s]
 60%|██████    | 120/200 [01:49<01:12,  1.10it/s]
 60%|██████    | 121/200 [01:50<01:12,  1.09it/s]
 61%|██████    | 122/200 [01:51<01:10,  1.11it/s]
 62%|██████▏   | 123/200 [01:52<01:10,  1.10it/s]
 62%|██████▏   | 124/200 [01:53<01:09,  1.10it/s]
 62%|██████▎   | 125/200 [01:53<01:08,  1.10it/s]
 63%|██████▎   | 126/200 [01:54<01:09,  1.07it/s]
 64%|██████▎   | 127/200 [01:55<01:07,  1.08it/s]
 64%|██████▍   | 128/200 [01:56<01:03,  1.13it/s]
 64%|██████▍   | 129/200 [01:57<01:03,  1.12it/s]
 65%|██████▌   | 130/200 [01:58<01:03,  1.10it/s]
 66%|██████▌   | 131/200 [01:59<01:02,  1.11it/s]
 66%|██████▌   | 132/200 [02:00<01:00,  1.12it/s]
 66%|██████▋   | 133/200 [02:01<01:02,  1.08it/s]
 67%|██████▋   | 134/200 [02:02<00:59,  1.11it/s]
 68%|██████▊   | 135/200 [02:03<00:59,  1.10it/s]
 68%|██████▊   | 136/200 [02:04<01:03,  1.01it/s]
 68%|██████▊   | 137/200 [02:05<00:59,  1.06it/s]
 69%|██████▉   | 138/200 [02:05<00:57,  1.07it/s]
 70%|██████▉   | 139/200 [02:06<00:55,  1.10it/s]
 70%|███████   | 140/200 [02:07<00:54,  1.11it/s]
 70%|███████   | 141/200 [02:08<00:53,  1.10it/s]
 71%|███████   | 142/200 [02:09<00:51,  1.12it/s]
 72%|███████▏  | 143/200 [02:10<00:51,  1.10it/s]
 72%|███████▏  | 144/200 [02:11<00:51,  1.10it/s]
 72%|███████▎  | 145/200 [02:12<00:49,  1.12it/s]
 73%|███████▎  | 146/200 [02:13<00:49,  1.09it/s]
 74%|███████▎  | 147/200 [02:14<00:48,  1.10it/s]
 74%|███████▍  | 148/200 [02:14<00:46,  1.11it/s]
 74%|███████▍  | 149/200 [02:15<00:48,  1.06it/s]
 75%|███████▌  | 150/200 [02:16<00:46,  1.07it/s]
 76%|███████▌  | 151/200 [02:17<00:45,  1.09it/s]
 76%|███████▌  | 152/200 [02:18<00:44,  1.09it/s]
 76%|███████▋  | 153/200 [02:19<00:42,  1.11it/s]
 77%|███████▋  | 154/200 [02:20<00:41,  1.10it/s]
 78%|███████▊  | 155/200 [02:21<00:41,  1.09it/s]
 78%|███████▊  | 156/200 [02:22<00:40,  1.08it/s]
 78%|███████▊  | 157/200 [02:23<00:39,  1.10it/s]
 79%|███████▉  | 158/200 [02:24<00:39,  1.05it/s]
 80%|███████▉  | 159/200 [02:25<00:37,  1.09it/s]
 80%|████████  | 160/200 [02:26<00:36,  1.10it/s]
 80%|████████  | 161/200 [02:26<00:35,  1.09it/s]
 81%|████████  | 162/200 [02:27<00:35,  1.08it/s]
 82%|████████▏ | 163/200 [02:28<00:33,  1.10it/s]
 82%|████████▏ | 164/200 [02:29<00:32,  1.10it/s]
 82%|████████▎ | 165/200 [02:31<00:38,  1.10s/it]
 83%|████████▎ | 166/200 [02:32<00:34,  1.03s/it]
 84%|████████▎ | 167/200 [02:33<00:33,  1.01s/it]
 84%|████████▍ | 168/200 [02:33<00:31,  1.02it/s]
 84%|████████▍ | 169/200 [02:34<00:29,  1.04it/s]
 85%|████████▌ | 170/200 [02:35<00:27,  1.09it/s]
 86%|████████▌ | 171/200 [02:36<00:25,  1.12it/s]
 86%|████████▌ | 172/200 [02:38<00:30,  1.10s/it]
 86%|████████▋ | 173/200 [02:39<00:28,  1.05s/it]
 87%|████████▋ | 174/200 [02:39<00:26,  1.02s/it]
 88%|████████▊ | 175/200 [02:40<00:24,  1.03it/s]
 88%|████████▊ | 176/200 [02:41<00:22,  1.05it/s]
 88%|████████▊ | 177/200 [02:42<00:21,  1.06it/s]
 89%|████████▉ | 178/200 [02:43<00:19,  1.10it/s]
 90%|████████▉ | 179/200 [02:44<00:18,  1.14it/s]
 90%|█████████ | 180/200 [02:45<00:17,  1.15it/s]
 90%|█████████ | 181/200 [02:46<00:17,  1.08it/s]
 91%|█████████ | 182/200 [02:47<00:16,  1.08it/s]
 92%|█████████▏| 183/200 [02:48<00:15,  1.07it/s]
 92%|█████████▏| 184/200 [02:48<00:14,  1.11it/s]
 92%|█████████▎| 185/200 [02:49<00:13,  1.13it/s]
 93%|█████████▎| 186/200 [02:50<00:12,  1.12it/s]
 94%|█████████▎| 187/200 [02:51<00:12,  1.08it/s]
 94%|█████████▍| 188/200 [02:52<00:10,  1.09it/s]
 94%|█████████▍| 189/200 [02:53<00:09,  1.11it/s]
 95%|█████████▌| 190/200 [02:54<00:08,  1.12it/s]
 96%|█████████▌| 191/200 [02:55<00:07,  1.14it/s]
 96%|█████████▌| 192/200 [02:56<00:08,  1.07s/it]
 96%|█████████▋| 193/200 [02:58<00:08,  1.28s/it]
 97%|█████████▋| 194/200 [03:00<00:08,  1.50s/it]
 98%|█████████▊| 195/200 [03:01<00:06,  1.32s/it]
 98%|█████████▊| 196/200 [03:02<00:04,  1.17s/it]
 98%|█████████▊| 197/200 [03:03<00:03,  1.08s/it]
 99%|█████████▉| 198/200 [03:04<00:02,  1.19s/it]
100%|█████████▉| 199/200 [03:05<00:01,  1.14s/it]
100%|██████████| 200/200 [03:06<00:00,  1.05s/it]
100%|██████████| 200/200 [03:06<00:00,  1.07it/s]

  0%|          | 0/200 [00:00<?, ?it/s]
  0%|          | 1/200 [00:00<02:51,  1.16it/s]
  1%|          | 2/200 [00:01<03:00,  1.10it/s]
  2%|▏         | 3/200 [00:02<02:53,  1.14it/s]
  2%|▏         | 4/200 [00:03<02:51,  1.14it/s]
  2%|▎         | 5/200 [00:04<02:49,  1.15it/s]
  3%|▎         | 6/200 [00:05<02:53,  1.12it/s]
  4%|▎         | 7/200 [00:06<02:52,  1.12it/s]
  4%|▍         | 8/200 [00:07<02:56,  1.09it/s]
  4%|▍         | 9/200 [00:08<02:55,  1.09it/s]
  5%|▌         | 10/200 [00:09<02:59,  1.06it/s]
  6%|▌         | 11/200 [00:10<03:02,  1.04it/s]
  6%|▌         | 12/200 [00:11<02:58,  1.05it/s]
  6%|▋         | 13/200 [00:11<02:53,  1.08it/s]
  7%|▋         | 14/200 [00:12<02:51,  1.08it/s]
  8%|▊         | 15/200 [00:13<02:52,  1.07it/s]
  8%|▊         | 16/200 [00:14<02:49,  1.09it/s]
  8%|▊         | 17/200 [00:15<02:48,  1.09it/s]
  9%|▉         | 18/200 [00:16<02:55,  1.04it/s]
 10%|▉         | 19/200 [00:17<02:51,  1.06it/s]
 10%|█         | 20/200 [00:18<02:47,  1.08it/s]
 10%|█         | 21/200 [00:19<02:48,  1.06it/s]
 11%|█         | 22/200 [00:20<02:51,  1.04it/s]
 12%|█▏        | 23/200 [00:21<02:48,  1.05it/s]
 12%|█▏        | 24/200 [00:22<02:43,  1.08it/s]
 12%|█▎        | 25/200 [00:23<02:42,  1.08it/s]
 13%|█▎        | 26/200 [00:24<02:40,  1.08it/s]
 14%|█▎        | 27/200 [00:25<02:41,  1.07it/s]
 14%|█▍        | 28/200 [00:25<02:39,  1.08it/s]
 14%|█▍        | 29/200 [00:26<02:37,  1.09it/s]
 15%|█▌        | 30/200 [00:27<02:43,  1.04it/s]
 16%|█▌        | 31/200 [00:28<02:37,  1.07it/s]
 16%|█▌        | 32/200 [00:29<02:33,  1.10it/s]
 16%|█▋        | 33/200 [00:30<02:35,  1.07it/s]
 17%|█▋        | 34/200 [00:31<02:33,  1.08it/s]
 18%|█▊        | 35/200 [00:32<02:28,  1.11it/s]
 18%|█▊        | 36/200 [00:33<02:36,  1.05it/s]
 18%|█▊        | 37/200 [00:34<02:33,  1.06it/s]
 19%|█▉        | 38/200 [00:35<02:34,  1.05it/s]
 20%|█▉        | 39/200 [00:36<02:35,  1.03it/s]
 20%|██        | 40/200 [00:37<02:47,  1.04s/it]
 20%|██        | 41/200 [00:38<02:40,  1.01s/it]
 21%|██        | 42/200 [00:39<02:32,  1.03it/s]
 22%|██▏       | 43/200 [00:40<02:30,  1.04it/s]
 22%|██▏       | 44/200 [00:43<04:06,  1.58s/it]
 22%|██▎       | 45/200 [00:44<03:29,  1.35s/it]
 23%|██▎       | 46/200 [00:45<03:05,  1.20s/it]
 24%|██▎       | 47/200 [00:45<02:51,  1.12s/it]
 24%|██▍       | 48/200 [00:46<02:40,  1.06s/it]
 24%|██▍       | 49/200 [00:47<02:37,  1.04s/it]
 25%|██▌       | 50/200 [00:48<02:34,  1.03s/it]
 26%|██▌       | 51/200 [00:50<02:45,  1.11s/it]
 26%|██▌       | 52/200 [00:51<02:37,  1.07s/it]
 26%|██▋       | 53/200 [00:51<02:27,  1.00s/it]
 27%|██▋       | 54/200 [00:53<03:08,  1.29s/it]
 28%|██▊       | 55/200 [00:55<03:34,  1.48s/it]
 28%|██▊       | 56/200 [00:57<03:54,  1.63s/it]
 28%|██▊       | 57/200 [00:59<04:05,  1.72s/it]
 29%|██▉       | 58/200 [01:01<04:09,  1.76s/it]
 30%|██▉       | 59/200 [01:03<04:34,  1.95s/it]
 30%|███       | 60/200 [01:05<04:19,  1.86s/it]
 30%|███       | 61/200 [01:07<04:03,  1.75s/it]
 31%|███       | 62/200 [01:08<03:38,  1.58s/it]
 32%|███▏      | 63/200 [01:09<03:06,  1.36s/it]
 32%|███▏      | 64/200 [01:10<02:45,  1.21s/it]
 32%|███▎      | 65/200 [01:11<02:34,  1.14s/it]
 33%|███▎      | 66/200 [01:12<02:27,  1.10s/it]
 34%|███▎      | 67/200 [01:12<02:19,  1.05s/it]
 34%|███▍      | 68/200 [01:13<02:11,  1.00it/s]
 34%|███▍      | 69/200 [01:14<02:11,  1.00s/it]
 35%|███▌      | 70/200 [01:15<02:10,  1.00s/it]
 36%|███▌      | 71/200 [01:16<02:07,  1.01it/s]
 36%|███▌      | 72/200 [01:17<02:02,  1.04it/s]
 36%|███▋      | 73/200 [01:18<02:06,  1.00it/s]
 37%|███▋      | 74/200 [01:19<02:12,  1.05s/it]
 38%|███▊      | 75/200 [01:20<02:03,  1.01it/s]
 38%|███▊      | 76/200 [01:21<02:01,  1.02it/s]
 38%|███▊      | 77/200 [01:22<01:54,  1.07it/s]
 39%|███▉      | 78/200 [01:23<01:57,  1.04it/s]
 40%|███▉      | 79/200 [01:24<01:54,  1.06it/s]
 40%|████      | 80/200 [01:25<01:54,  1.05it/s]
 40%|████      | 81/200 [01:26<01:52,  1.06it/s]
 41%|████      | 82/200 [01:27<01:48,  1.08it/s]
 42%|████▏     | 83/200 [01:28<01:46,  1.09it/s]
 42%|████▏     | 84/200 [01:29<01:47,  1.08it/s]
 42%|████▎     | 85/200 [01:30<01:44,  1.10it/s]
 43%|████▎     | 86/200 [01:30<01:42,  1.11it/s]
 44%|████▎     | 87/200 [01:31<01:41,  1.12it/s]
 44%|████▍     | 88/200 [01:32<01:44,  1.07it/s]
 44%|████▍     | 89/200 [01:33<01:44,  1.07it/s]
 45%|████▌     | 90/200 [01:34<01:42,  1.07it/s]
 46%|████▌     | 91/200 [01:35<01:48,  1.00it/s]
 46%|████▌     | 92/200 [01:37<01:57,  1.09s/it]
 46%|████▋     | 93/200 [01:38<01:51,  1.04s/it]
 47%|████▋     | 94/200 [01:38<01:44,  1.01it/s]
 48%|████▊     | 95/200 [01:39<01:41,  1.04it/s]
 48%|████▊     | 96/200 [01:40<01:43,  1.00it/s]
 48%|████▊     | 97/200 [01:41<01:40,  1.03it/s]
 49%|████▉     | 98/200 [01:42<01:44,  1.02s/it]
 50%|████▉     | 99/200 [01:43<01:40,  1.00it/s]
 50%|█████     | 100/200 [01:44<01:37,  1.03it/s]
 50%|█████     | 101/200 [01:45<01:33,  1.06it/s]
 51%|█████     | 102/200 [01:46<01:35,  1.02it/s]
 52%|█████▏    | 103/200 [01:47<01:32,  1.05it/s]
 52%|█████▏    | 104/200 [01:48<01:33,  1.02it/s]
 52%|█████▎    | 105/200 [01:49<01:29,  1.06it/s]
 53%|█████▎    | 106/200 [01:50<01:28,  1.06it/s]
 54%|█████▎    | 107/200 [01:51<01:25,  1.09it/s]
 54%|█████▍    | 108/200 [01:52<01:25,  1.08it/s]
 55%|█████▍    | 109/200 [01:53<01:26,  1.05it/s]
 55%|█████▌    | 110/200 [01:54<01:24,  1.06it/s]
 56%|█████▌    | 111/200 [01:55<01:23,  1.07it/s]
 56%|█████▌    | 112/200 [01:56<01:21,  1.08it/s]
 56%|█████▋    | 113/200 [01:57<01:23,  1.04it/s]
 57%|█████▋    | 114/200 [01:58<01:22,  1.05it/s]
 57%|█████▊    | 115/200 [01:58<01:18,  1.08it/s]
 58%|█████▊    | 116/200 [01:59<01:17,  1.09it/s]
 58%|█████▊    | 117/200 [02:00<01:16,  1.08it/s]
 59%|█████▉    | 118/200 [02:01<01:14,  1.10it/s]
 60%|█████▉    | 119/200 [02:02<01:14,  1.09it/s]
 60%|██████    | 120/200 [02:03<01:14,  1.08it/s]
 60%|██████    | 121/200 [02:04<01:13,  1.08it/s]
 61%|██████    | 122/200 [02:05<01:10,  1.10it/s]
 62%|██████▏   | 123/200 [02:06<01:09,  1.11it/s]
 62%|██████▏   | 124/200 [02:07<01:09,  1.09it/s]
 62%|██████▎   | 125/200 [02:08<01:10,  1.06it/s]
 63%|██████▎   | 126/200 [02:09<01:08,  1.08it/s]
 64%|██████▎   | 127/200 [02:09<01:06,  1.09it/s]
 64%|██████▍   | 128/200 [02:10<01:06,  1.09it/s]
 64%|██████▍   | 129/200 [02:11<01:03,  1.11it/s]
 65%|██████▌   | 130/200 [02:12<01:03,  1.11it/s]
 66%|██████▌   | 131/200 [02:13<01:00,  1.13it/s]
 66%|██████▌   | 132/200 [02:14<01:01,  1.10it/s]
 66%|██████▋   | 133/200 [02:15<01:02,  1.07it/s]
 67%|██████▋   | 134/200 [02:16<01:00,  1.10it/s]
 68%|██████▊   | 135/200 [02:17<01:01,  1.05it/s]
 68%|██████▊   | 136/200 [02:18<00:59,  1.07it/s]
 68%|██████▊   | 137/200 [02:19<00:58,  1.08it/s]
 69%|██████▉   | 138/200 [02:19<00:57,  1.09it/s]
 70%|██████▉   | 139/200 [02:21<00:58,  1.05it/s]
 70%|███████   | 140/200 [02:21<00:56,  1.06it/s]
 70%|███████   | 141/200 [02:22<00:55,  1.06it/s]
 71%|███████   | 142/200 [02:23<00:54,  1.05it/s]
 72%|███████▏  | 143/200 [02:24<00:54,  1.04it/s]
 72%|███████▏  | 144/200 [02:25<00:51,  1.08it/s]
 72%|███████▎  | 145/200 [02:26<00:52,  1.04it/s]
 73%|███████▎  | 146/200 [02:27<00:50,  1.07it/s]
 74%|███████▎  | 147/200 [02:28<00:50,  1.06it/s]
 74%|███████▍  | 148/200 [02:29<00:49,  1.05it/s]
 74%|███████▍  | 149/200 [02:30<00:48,  1.06it/s]
 75%|███████▌  | 150/200 [02:31<00:47,  1.04it/s]
 76%|███████▌  | 151/200 [02:32<00:45,  1.09it/s]
 76%|███████▌  | 152/200 [02:33<00:44,  1.08it/s]
 76%|███████▋  | 153/200 [02:34<00:42,  1.11it/s]
 77%|███████▋  | 154/200 [02:34<00:41,  1.12it/s]
 78%|███████▊  | 155/200 [02:35<00:39,  1.13it/s]
 78%|███████▊  | 156/200 [02:36<00:42,  1.04it/s]
 78%|███████▊  | 157/200 [02:37<00:42,  1.02it/s]
 79%|███████▉  | 158/200 [02:38<00:40,  1.04it/s]
 80%|███████▉  | 159/200 [02:39<00:37,  1.09it/s]
 80%|████████  | 160/200 [02:40<00:36,  1.09it/s]
 80%|████████  | 161/200 [02:41<00:36,  1.07it/s]
 81%|████████  | 162/200 [02:42<00:36,  1.04it/s]
 82%|████████▏ | 163/200 [02:43<00:38,  1.05s/it]
 82%|████████▏ | 164/200 [02:44<00:37,  1.05s/it]
 82%|████████▎ | 165/200 [02:45<00:36,  1.03s/it]
 83%|████████▎ | 166/200 [02:47<00:35,  1.05s/it]
 84%|████████▎ | 167/200 [02:48<00:34,  1.04s/it]
 84%|████████▍ | 168/200 [02:48<00:32,  1.00s/it]
 84%|████████▍ | 169/200 [02:49<00:30,  1.02it/s]
 85%|████████▌ | 170/200 [02:50<00:29,  1.02it/s]
 86%|████████▌ | 171/200 [02:51<00:29,  1.02s/it]
 86%|████████▌ | 172/200 [02:52<00:27,  1.01it/s]
 86%|████████▋ | 173/200 [02:54<00:29,  1.11s/it]
 87%|████████▋ | 174/200 [02:55<00:28,  1.09s/it]
 88%|████████▊ | 175/200 [02:56<00:25,  1.03s/it]
 88%|████████▊ | 176/200 [02:57<00:23,  1.00it/s]
 88%|████████▊ | 177/200 [02:58<00:22,  1.04it/s]
 89%|████████▉ | 178/200 [02:58<00:20,  1.07it/s]
 90%|████████▉ | 179/200 [02:59<00:19,  1.08it/s]
 90%|█████████ | 180/200 [03:00<00:18,  1.07it/s]
 90%|█████████ | 181/200 [03:01<00:17,  1.06it/s]
 91%|█████████ | 182/200 [03:02<00:16,  1.07it/s]
 92%|█████████▏| 183/200 [03:03<00:15,  1.09it/s]
 92%|█████████▏| 184/200 [03:04<00:15,  1.06it/s]
 92%|█████████▎| 185/200 [03:05<00:14,  1.07it/s]
 93%|█████████▎| 186/200 [03:06<00:13,  1.08it/s]
 94%|█████████▎| 187/200 [03:07<00:12,  1.07it/s]
 94%|█████████▍| 188/200 [03:08<00:11,  1.07it/s]
 94%|█████████▍| 189/200 [03:09<00:10,  1.08it/s]
 95%|█████████▌| 190/200 [03:10<00:09,  1.08it/s]
 96%|█████████▌| 191/200 [03:11<00:08,  1.06it/s]
 96%|█████████▌| 192/200 [03:11<00:07,  1.06it/s]
 96%|█████████▋| 193/200 [03:13<00:06,  1.04it/s]
 97%|█████████▋| 194/200 [03:13<00:05,  1.03it/s]
 98%|█████████▊| 195/200 [03:14<00:04,  1.06it/s]
 98%|█████████▊| 196/200 [03:15<00:03,  1.07it/s]
 98%|█████████▊| 197/200 [03:16<00:02,  1.03it/s]
 99%|█████████▉| 198/200 [03:17<00:01,  1.02it/s]
100%|█████████▉| 199/200 [03:18<00:00,  1.03it/s]
100%|██████████| 200/200 [03:19<00:00,  1.05it/s]
100%|██████████| 200/200 [03:19<00:00,  1.00it/s]
scoring /home/xushijie/work/cr_scizor/experiments/cr_scizor/stage1/baseline/scoring_input/can_image.hdf5
scoring /home/xushijie/work/cr_scizor/experiments/cr_scizor/stage1/baseline/scoring_input/square_image.hdf5
