{
  "train_rows": 27301,
  "validation_rows": 9463,
  "train_valid": 25985,
  "validation_valid": 8839,
  "scales": {
    "can": {
      "10": {
        "dense_mean": 0.3252764642238616,
        "stage_mean": 1.0776587009429932
      },
      "20": {
        "dense_mean": 0.3540646195411674,
        "stage_mean": 0.8450844764709516
      },
      "40": {
        "dense_mean": 0.4022580027580257,
        "stage_mean": 0.8748636245727541
      }
    },
    "square": {
      "10": {
        "dense_mean": 0.29008964896202,
        "stage_mean": 1.0101051330566402
      },
      "20": {
        "dense_mean": 0.27799326777458094,
        "stage_mean": 0.7817536354064923
      },
      "40": {
        "dense_mean": 0.30985938906669563,
        "stage_mean": 0.6946429789066313
      }
    }
  }
}
