/home/xushijie/.conda/envs/scizor-curation/lib/python3.11/site-packages/huggingface_hub/file_download.py:949: FutureWarning: `resume_download` is deprecated and will be removed in version 1.0.0. Downloads always resume when possible. If you want to force a new download, use `force_download=True`.
  warnings.warn(
[1/1088] can_demo_0_axis_impulse_t102_m1.00
[2/1088] can_demo_0_axis_impulse_t112_m1.00
[3/1088] can_demo_0_axis_impulse_t52_m1.00
[4/1088] can_demo_0_axis_impulse_t62_m1.00
[5/1088] can_demo_0_clean
[6/1088] can_demo_0_flip_gripper_t102_m1.00
[7/1088] can_demo_0_flip_gripper_t112_m1.00
[8/1088] can_demo_0_flip_gripper_t52_m1.00
[9/1088] can_demo_0_flip_gripper_t62_m1.00
[10/1088] can_demo_0_reverse_motion_t102_m1.00
[11/1088] can_demo_0_reverse_motion_t112_m1.00
[12/1088] can_demo_0_reverse_motion_t52_m1.00
[13/1088] can_demo_0_reverse_motion_t62_m1.00
[14/1088] can_demo_0_zero_motion_t102_m1.00
[15/1088] can_demo_0_zero_motion_t112_m1.00
[16/1088] can_demo_0_zero_motion_t52_m1.00
[17/1088] can_demo_0_zero_motion_t62_m1.00
[18/1088] can_demo_100_axis_impulse_t105_m1.00
[19/1088] can_demo_100_axis_impulse_t13_m1.00
[20/1088] can_demo_100_axis_impulse_t37_m1.00
[21/1088] can_demo_100_axis_impulse_t59_m1.00
[22/1088] can_demo_100_clean
[23/1088] can_demo_100_flip_gripper_t105_m1.00
[24/1088] can_demo_100_flip_gripper_t13_m1.00
[25/1088] can_demo_100_flip_gripper_t37_m1.00
[26/1088] can_demo_100_flip_gripper_t59_m1.00
[27/1088] can_demo_100_reverse_motion_t105_m1.00
[28/1088] can_demo_100_reverse_motion_t13_m1.00
[29/1088] can_demo_100_reverse_motion_t37_m1.00
[30/1088] can_demo_100_reverse_motion_t59_m1.00
[31/1088] can_demo_100_zero_motion_t105_m1.00
[32/1088] can_demo_100_zero_motion_t13_m1.00
[33/1088] can_demo_100_zero_motion_t37_m1.00
[34/1088] can_demo_100_zero_motion_t59_m1.00
[35/1088] can_demo_101_axis_impulse_t124_m1.00
[36/1088] can_demo_101_axis_impulse_t49_m1.00
[37/1088] can_demo_101_axis_impulse_t59_m1.00
[38/1088] can_demo_101_axis_impulse_t77_m1.00
[39/1088] can_demo_101_clean
[40/1088] can_demo_101_flip_gripper_t124_m1.00
[41/1088] can_demo_101_flip_gripper_t49_m1.00
[42/1088] can_demo_101_flip_gripper_t59_m1.00
[43/1088] can_demo_101_flip_gripper_t77_m1.00
[44/1088] can_demo_101_reverse_motion_t124_m1.00
[45/1088] can_demo_101_reverse_motion_t49_m1.00
[46/1088] can_demo_101_reverse_motion_t59_m1.00
[47/1088] can_demo_101_reverse_motion_t77_m1.00
[48/1088] can_demo_101_zero_motion_t124_m1.00
[49/1088] can_demo_101_zero_motion_t49_m1.00
[50/1088] can_demo_101_zero_motion_t59_m1.00
[51/1088] can_demo_101_zero_motion_t77_m1.00
[52/1088] can_demo_102_axis_impulse_t44_m1.00
[53/1088] can_demo_102_axis_impulse_t54_m1.00
[54/1088] can_demo_102_axis_impulse_t67_m1.00
[55/1088] can_demo_102_axis_impulse_t98_m1.00
[56/1088] can_demo_102_clean
[57/1088] can_demo_102_flip_gripper_t44_m1.00
[58/1088] can_demo_102_flip_gripper_t54_m1.00
[59/1088] can_demo_102_flip_gripper_t67_m1.00
[60/1088] can_demo_102_flip_gripper_t98_m1.00
[61/1088] can_demo_102_reverse_motion_t44_m1.00
[62/1088] can_demo_102_reverse_motion_t54_m1.00
[63/1088] can_demo_102_reverse_motion_t67_m1.00
[64/1088] can_demo_102_reverse_motion_t98_m1.00
[65/1088] can_demo_102_zero_motion_t44_m1.00
[66/1088] can_demo_102_zero_motion_t54_m1.00
[67/1088] can_demo_102_zero_motion_t67_m1.00
[68/1088] can_demo_102_zero_motion_t98_m1.00
[69/1088] can_demo_103_axis_impulse_t32_m1.00
[70/1088] can_demo_103_axis_impulse_t46_m1.00
[71/1088] can_demo_103_axis_impulse_t56_m1.00
[72/1088] can_demo_103_axis_impulse_t90_m1.00
[73/1088] can_demo_103_clean
[74/1088] can_demo_103_flip_gripper_t32_m1.00
[75/1088] can_demo_103_flip_gripper_t46_m1.00
[76/1088] can_demo_103_flip_gripper_t56_m1.00
[77/1088] can_demo_103_flip_gripper_t90_m1.00
[78/1088] can_demo_103_reverse_motion_t32_m1.00
[79/1088] can_demo_103_reverse_motion_t46_m1.00
[80/1088] can_demo_103_reverse_motion_t56_m1.00
[81/1088] can_demo_103_reverse_motion_t90_m1.00
[82/1088] can_demo_103_zero_motion_t32_m1.00
[83/1088] can_demo_103_zero_motion_t46_m1.00
[84/1088] can_demo_103_zero_motion_t56_m1.00
[85/1088] can_demo_103_zero_motion_t90_m1.00
[86/1088] can_demo_106_axis_impulse_t107_m1.00
[87/1088] can_demo_106_axis_impulse_t5_m1.00
[88/1088] can_demo_106_axis_impulse_t60_m1.00
[89/1088] can_demo_106_axis_impulse_t97_m1.00
[90/1088] can_demo_106_clean
[91/1088] can_demo_106_flip_gripper_t107_m1.00
[92/1088] can_demo_106_flip_gripper_t5_m1.00
[93/1088] can_demo_106_flip_gripper_t60_m1.00
[94/1088] can_demo_106_flip_gripper_t97_m1.00
[95/1088] can_demo_106_reverse_motion_t107_m1.00
[96/1088] can_demo_106_reverse_motion_t5_m1.00
[97/1088] can_demo_106_reverse_motion_t60_m1.00
[98/1088] can_demo_106_reverse_motion_t97_m1.00
[99/1088] can_demo_106_zero_motion_t107_m1.00
[100/1088] can_demo_106_zero_motion_t5_m1.00
[101/1088] can_demo_106_zero_motion_t60_m1.00
[102/1088] can_demo_106_zero_motion_t97_m1.00
[103/1088] can_demo_107_axis_impulse_t107_m1.00
[104/1088] can_demo_107_axis_impulse_t49_m1.00
[105/1088] can_demo_107_axis_impulse_t59_m1.00
[106/1088] can_demo_107_axis_impulse_t70_m1.00
[107/1088] can_demo_107_clean
[108/1088] can_demo_107_flip_gripper_t107_m1.00
[109/1088] can_demo_107_flip_gripper_t49_m1.00
[110/1088] can_demo_107_flip_gripper_t59_m1.00
[111/1088] can_demo_107_flip_gripper_t70_m1.00
[112/1088] can_demo_107_reverse_motion_t107_m1.00
[113/1088] can_demo_107_reverse_motion_t49_m1.00
[114/1088] can_demo_107_reverse_motion_t59_m1.00
[115/1088] can_demo_107_reverse_motion_t70_m1.00
[116/1088] can_demo_107_zero_motion_t107_m1.00
[117/1088] can_demo_107_zero_motion_t49_m1.00
[118/1088] can_demo_107_zero_motion_t59_m1.00
[119/1088] can_demo_107_zero_motion_t70_m1.00
[120/1088] can_demo_108_axis_impulse_t39_m1.00
[121/1088] can_demo_108_axis_impulse_t50_m1.00
[122/1088] can_demo_108_axis_impulse_t60_m1.00
[123/1088] can_demo_108_axis_impulse_t87_m1.00
[124/1088] can_demo_108_clean
[125/1088] can_demo_108_flip_gripper_t39_m1.00
[126/1088] can_demo_108_flip_gripper_t50_m1.00
[127/1088] can_demo_108_flip_gripper_t60_m1.00
[128/1088] can_demo_108_flip_gripper_t87_m1.00
[129/1088] can_demo_108_reverse_motion_t39_m1.00
[130/1088] can_demo_108_reverse_motion_t50_m1.00
[131/1088] can_demo_108_reverse_motion_t60_m1.00
[132/1088] can_demo_108_reverse_motion_t87_m1.00
[133/1088] can_demo_108_zero_motion_t39_m1.00
[134/1088] can_demo_108_zero_motion_t50_m1.00
[135/1088] can_demo_108_zero_motion_t60_m1.00
[136/1088] can_demo_108_zero_motion_t87_m1.00
[137/1088] can_demo_110_axis_impulse_t117_m1.00
[138/1088] can_demo_110_axis_impulse_t43_m1.00
[139/1088] can_demo_110_axis_impulse_t53_m1.00
[140/1088] can_demo_110_axis_impulse_t71_m1.00
[141/1088] can_demo_110_clean
[142/1088] can_demo_110_flip_gripper_t117_m1.00
[143/1088] can_demo_110_flip_gripper_t43_m1.00
[144/1088] can_demo_110_flip_gripper_t53_m1.00
[145/1088] can_demo_110_flip_gripper_t71_m1.00
[146/1088] can_demo_110_reverse_motion_t117_m1.00
[147/1088] can_demo_110_reverse_motion_t43_m1.00
[148/1088] can_demo_110_reverse_motion_t53_m1.00
[149/1088] can_demo_110_reverse_motion_t71_m1.00
[150/1088] can_demo_110_zero_motion_t117_m1.00
[151/1088] can_demo_110_zero_motion_t43_m1.00
[152/1088] can_demo_110_zero_motion_t53_m1.00
[153/1088] can_demo_110_zero_motion_t71_m1.00
[154/1088] can_demo_111_axis_impulse_t47_m1.00
[155/1088] can_demo_111_axis_impulse_t57_m1.00
[156/1088] can_demo_111_axis_impulse_t77_m1.00
[157/1088] can_demo_111_axis_impulse_t93_m1.00
[158/1088] can_demo_111_clean
[159/1088] can_demo_111_flip_gripper_t47_m1.00
[160/1088] can_demo_111_flip_gripper_t57_m1.00
[161/1088] can_demo_111_flip_gripper_t77_m1.00
[162/1088] can_demo_111_flip_gripper_t93_m1.00
[163/1088] can_demo_111_reverse_motion_t47_m1.00
[164/1088] can_demo_111_reverse_motion_t57_m1.00
[165/1088] can_demo_111_reverse_motion_t77_m1.00
[166/1088] can_demo_111_reverse_motion_t93_m1.00
[167/1088] can_demo_111_zero_motion_t47_m1.00
[168/1088] can_demo_111_zero_motion_t57_m1.00
[169/1088] can_demo_111_zero_motion_t77_m1.00
[170/1088] can_demo_111_zero_motion_t93_m1.00
[171/1088] can_demo_112_axis_impulse_t101_m1.00
[172/1088] can_demo_112_axis_impulse_t41_m1.00
[173/1088] can_demo_112_axis_impulse_t60_m1.00
[174/1088] can_demo_112_axis_impulse_t70_m1.00
[175/1088] can_demo_112_clean
[176/1088] can_demo_112_flip_gripper_t101_m1.00
[177/1088] can_demo_112_flip_gripper_t41_m1.00
[178/1088] can_demo_112_flip_gripper_t60_m1.00
[179/1088] can_demo_112_flip_gripper_t70_m1.00
[180/1088] can_demo_112_reverse_motion_t101_m1.00
[181/1088] can_demo_112_reverse_motion_t41_m1.00
[182/1088] can_demo_112_reverse_motion_t60_m1.00
[183/1088] can_demo_112_reverse_motion_t70_m1.00
[184/1088] can_demo_112_zero_motion_t101_m1.00
[185/1088] can_demo_112_zero_motion_t41_m1.00
[186/1088] can_demo_112_zero_motion_t60_m1.00
[187/1088] can_demo_112_zero_motion_t70_m1.00
[188/1088] can_demo_113_axis_impulse_t101_m1.00
[189/1088] can_demo_113_axis_impulse_t10_m1.00
[190/1088] can_demo_113_axis_impulse_t58_m1.00
[191/1088] can_demo_113_axis_impulse_t85_m1.00
[192/1088] can_demo_113_clean
[193/1088] can_demo_113_flip_gripper_t101_m1.00
[194/1088] can_demo_113_flip_gripper_t10_m1.00
[195/1088] can_demo_113_flip_gripper_t58_m1.00
[196/1088] can_demo_113_flip_gripper_t85_m1.00
[197/1088] can_demo_113_reverse_motion_t101_m1.00
[198/1088] can_demo_113_reverse_motion_t10_m1.00
[199/1088] can_demo_113_reverse_motion_t58_m1.00
[200/1088] can_demo_113_reverse_motion_t85_m1.00
[201/1088] can_demo_113_zero_motion_t101_m1.00
[202/1088] can_demo_113_zero_motion_t10_m1.00
[203/1088] can_demo_113_zero_motion_t58_m1.00
[204/1088] can_demo_113_zero_motion_t85_m1.00
[205/1088] can_demo_114_axis_impulse_t110_m1.00
[206/1088] can_demo_114_axis_impulse_t59_m1.00
[207/1088] can_demo_114_axis_impulse_t69_m1.00
[208/1088] can_demo_114_axis_impulse_t99_m1.00
[209/1088] can_demo_114_clean
[210/1088] can_demo_114_flip_gripper_t110_m1.00
[211/1088] can_demo_114_flip_gripper_t59_m1.00
[212/1088] can_demo_114_flip_gripper_t69_m1.00
[213/1088] can_demo_114_flip_gripper_t99_m1.00
[214/1088] can_demo_114_reverse_motion_t110_m1.00
[215/1088] can_demo_114_reverse_motion_t59_m1.00
[216/1088] can_demo_114_reverse_motion_t69_m1.00
[217/1088] can_demo_114_reverse_motion_t99_m1.00
[218/1088] can_demo_114_zero_motion_t110_m1.00
[219/1088] can_demo_114_zero_motion_t59_m1.00
[220/1088] can_demo_114_zero_motion_t69_m1.00
[221/1088] can_demo_114_zero_motion_t99_m1.00
[222/1088] can_demo_115_axis_impulse_t44_m1.00
[223/1088] can_demo_115_axis_impulse_t54_m1.00
[224/1088] can_demo_115_axis_impulse_t77_m1.00
[225/1088] can_demo_115_axis_impulse_t91_m1.00
[226/1088] can_demo_115_clean
[227/1088] can_demo_115_flip_gripper_t44_m1.00
[228/1088] can_demo_115_flip_gripper_t54_m1.00
[229/1088] can_demo_115_flip_gripper_t77_m1.00
[230/1088] can_demo_115_flip_gripper_t91_m1.00
[231/1088] can_demo_115_reverse_motion_t44_m1.00
[232/1088] can_demo_115_reverse_motion_t54_m1.00
[233/1088] can_demo_115_reverse_motion_t77_m1.00
[234/1088] can_demo_115_reverse_motion_t91_m1.00
[235/1088] can_demo_115_zero_motion_t44_m1.00
[236/1088] can_demo_115_zero_motion_t54_m1.00
[237/1088] can_demo_115_zero_motion_t77_m1.00
[238/1088] can_demo_115_zero_motion_t91_m1.00
[239/1088] can_demo_116_axis_impulse_t30_m1.00
[240/1088] can_demo_116_axis_impulse_t47_m1.00
[241/1088] can_demo_116_axis_impulse_t57_m1.00
[242/1088] can_demo_116_axis_impulse_t76_m1.00
[243/1088] can_demo_116_clean
[244/1088] can_demo_116_flip_gripper_t30_m1.00
[245/1088] can_demo_116_flip_gripper_t47_m1.00
[246/1088] can_demo_116_flip_gripper_t57_m1.00
[247/1088] can_demo_116_flip_gripper_t76_m1.00
[248/1088] can_demo_116_reverse_motion_t30_m1.00
[249/1088] can_demo_116_reverse_motion_t47_m1.00
[250/1088] can_demo_116_reverse_motion_t57_m1.00
[251/1088] can_demo_116_reverse_motion_t76_m1.00
[252/1088] can_demo_116_zero_motion_t30_m1.00
[253/1088] can_demo_116_zero_motion_t47_m1.00
[254/1088] can_demo_116_zero_motion_t57_m1.00
[255/1088] can_demo_116_zero_motion_t76_m1.00
[256/1088] can_demo_117_axis_impulse_t115_m1.00
[257/1088] can_demo_117_axis_impulse_t64_m1.00
[258/1088] can_demo_117_axis_impulse_t85_m1.00
[259/1088] can_demo_117_axis_impulse_t95_m1.00
[260/1088] can_demo_117_clean
[261/1088] can_demo_117_flip_gripper_t115_m1.00
[262/1088] can_demo_117_flip_gripper_t64_m1.00
[263/1088] can_demo_117_flip_gripper_t85_m1.00
[264/1088] can_demo_117_flip_gripper_t95_m1.00
[265/1088] can_demo_117_reverse_motion_t115_m1.00
[266/1088] can_demo_117_reverse_motion_t64_m1.00
[267/1088] can_demo_117_reverse_motion_t85_m1.00
[268/1088] can_demo_117_reverse_motion_t95_m1.00
[269/1088] can_demo_117_zero_motion_t115_m1.00
[270/1088] can_demo_117_zero_motion_t64_m1.00
[271/1088] can_demo_117_zero_motion_t85_m1.00
[272/1088] can_demo_117_zero_motion_t95_m1.00
[273/1088] can_demo_118_axis_impulse_t32_m1.00
[274/1088] can_demo_118_axis_impulse_t42_m1.00
[275/1088] can_demo_118_axis_impulse_t53_m1.00
[276/1088] can_demo_118_axis_impulse_t78_m1.00
[277/1088] can_demo_118_clean
[278/1088] can_demo_118_flip_gripper_t32_m1.00
[279/1088] can_demo_118_flip_gripper_t42_m1.00
[280/1088] can_demo_118_flip_gripper_t53_m1.00
[281/1088] can_demo_118_flip_gripper_t78_m1.00
[282/1088] can_demo_118_reverse_motion_t32_m1.00
[283/1088] can_demo_118_reverse_motion_t42_m1.00
[284/1088] can_demo_118_reverse_motion_t53_m1.00
[285/1088] can_demo_118_reverse_motion_t78_m1.00
[286/1088] can_demo_118_zero_motion_t32_m1.00
[287/1088] can_demo_118_zero_motion_t42_m1.00
[288/1088] can_demo_118_zero_motion_t53_m1.00
[289/1088] can_demo_118_zero_motion_t78_m1.00
[290/1088] can_demo_119_axis_impulse_t106_m1.00
[291/1088] can_demo_119_axis_impulse_t54_m1.00
[292/1088] can_demo_119_axis_impulse_t64_m1.00
[293/1088] can_demo_119_axis_impulse_t86_m1.00
[294/1088] can_demo_119_clean
[295/1088] can_demo_119_flip_gripper_t106_m1.00
[296/1088] can_demo_119_flip_gripper_t54_m1.00
[297/1088] can_demo_119_flip_gripper_t64_m1.00
[298/1088] can_demo_119_flip_gripper_t86_m1.00
[299/1088] can_demo_119_reverse_motion_t106_m1.00
[300/1088] can_demo_119_reverse_motion_t54_m1.00
[301/1088] can_demo_119_reverse_motion_t64_m1.00
[302/1088] can_demo_119_reverse_motion_t86_m1.00
[303/1088] can_demo_119_zero_motion_t106_m1.00
[304/1088] can_demo_119_zero_motion_t54_m1.00
[305/1088] can_demo_119_zero_motion_t64_m1.00
[306/1088] can_demo_119_zero_motion_t86_m1.00
[307/1088] can_demo_11_axis_impulse_t38_m1.00
[308/1088] can_demo_11_axis_impulse_t48_m1.00
[309/1088] can_demo_11_axis_impulse_t74_m1.00
[310/1088] can_demo_11_axis_impulse_t87_m1.00
[311/1088] can_demo_11_clean
[312/1088] can_demo_11_flip_gripper_t38_m1.00
[313/1088] can_demo_11_flip_gripper_t48_m1.00
[314/1088] can_demo_11_flip_gripper_t74_m1.00
[315/1088] can_demo_11_flip_gripper_t87_m1.00
[316/1088] can_demo_11_reverse_motion_t38_m1.00
[317/1088] can_demo_11_reverse_motion_t48_m1.00
[318/1088] can_demo_11_reverse_motion_t74_m1.00
[319/1088] can_demo_11_reverse_motion_t87_m1.00
[320/1088] can_demo_11_zero_motion_t38_m1.00
[321/1088] can_demo_11_zero_motion_t48_m1.00
[322/1088] can_demo_11_zero_motion_t74_m1.00
[323/1088] can_demo_11_zero_motion_t87_m1.00
[324/1088] can_demo_120_axis_impulse_t36_m1.00
[325/1088] can_demo_120_axis_impulse_t50_m1.00
[326/1088] can_demo_120_axis_impulse_t60_m1.00
[327/1088] can_demo_120_axis_impulse_t95_m1.00
[328/1088] can_demo_120_clean
[329/1088] can_demo_120_flip_gripper_t36_m1.00
[330/1088] can_demo_120_flip_gripper_t50_m1.00
[331/1088] can_demo_120_flip_gripper_t60_m1.00
[332/1088] can_demo_120_flip_gripper_t95_m1.00
[333/1088] can_demo_120_reverse_motion_t36_m1.00
[334/1088] can_demo_120_reverse_motion_t50_m1.00
[335/1088] can_demo_120_reverse_motion_t60_m1.00
[336/1088] can_demo_120_reverse_motion_t95_m1.00
[337/1088] can_demo_120_zero_motion_t36_m1.00
[338/1088] can_demo_120_zero_motion_t50_m1.00
[339/1088] can_demo_120_zero_motion_t60_m1.00
[340/1088] can_demo_120_zero_motion_t95_m1.00
[341/1088] can_demo_121_axis_impulse_t48_m1.00
[342/1088] can_demo_121_axis_impulse_t62_m1.00
[343/1088] can_demo_121_axis_impulse_t72_m1.00
[344/1088] can_demo_121_axis_impulse_t82_m1.00
[345/1088] can_demo_121_clean
[346/1088] can_demo_121_flip_gripper_t48_m1.00
[347/1088] can_demo_121_flip_gripper_t62_m1.00
[348/1088] can_demo_121_flip_gripper_t72_m1.00
[349/1088] can_demo_121_flip_gripper_t82_m1.00
[350/1088] can_demo_121_reverse_motion_t48_m1.00
[351/1088] can_demo_121_reverse_motion_t62_m1.00
[352/1088] can_demo_121_reverse_motion_t72_m1.00
[353/1088] can_demo_121_reverse_motion_t82_m1.00
[354/1088] can_demo_121_zero_motion_t48_m1.00
[355/1088] can_demo_121_zero_motion_t62_m1.00
[356/1088] can_demo_121_zero_motion_t72_m1.00
[357/1088] can_demo_121_zero_motion_t82_m1.00
[358/1088] can_demo_122_axis_impulse_t119_m1.00
[359/1088] can_demo_122_axis_impulse_t50_m1.00
[360/1088] can_demo_122_axis_impulse_t60_m1.00
[361/1088] can_demo_122_axis_impulse_t76_m1.00
[362/1088] can_demo_122_clean
[363/1088] can_demo_122_flip_gripper_t119_m1.00
[364/1088] can_demo_122_flip_gripper_t50_m1.00
[365/1088] can_demo_122_flip_gripper_t60_m1.00
[366/1088] can_demo_122_flip_gripper_t76_m1.00
[367/1088] can_demo_122_reverse_motion_t119_m1.00
[368/1088] can_demo_122_reverse_motion_t50_m1.00
[369/1088] can_demo_122_reverse_motion_t60_m1.00
[370/1088] can_demo_122_reverse_motion_t76_m1.00
[371/1088] can_demo_122_zero_motion_t119_m1.00
[372/1088] can_demo_122_zero_motion_t50_m1.00
[373/1088] can_demo_122_zero_motion_t60_m1.00
[374/1088] can_demo_122_zero_motion_t76_m1.00
[375/1088] can_demo_123_axis_impulse_t138_m1.00
[376/1088] can_demo_123_axis_impulse_t68_m1.00
[377/1088] can_demo_123_axis_impulse_t78_m1.00
[378/1088] can_demo_123_axis_impulse_t92_m1.00
[379/1088] can_demo_123_clean
[380/1088] can_demo_123_flip_gripper_t138_m1.00
[381/1088] can_demo_123_flip_gripper_t68_m1.00
[382/1088] can_demo_123_flip_gripper_t78_m1.00
[383/1088] can_demo_123_flip_gripper_t92_m1.00
[384/1088] can_demo_123_reverse_motion_t138_m1.00
[385/1088] can_demo_123_reverse_motion_t68_m1.00
[386/1088] can_demo_123_reverse_motion_t78_m1.00
[387/1088] can_demo_123_reverse_motion_t92_m1.00
[388/1088] can_demo_123_zero_motion_t138_m1.00
[389/1088] can_demo_123_zero_motion_t68_m1.00
[390/1088] can_demo_123_zero_motion_t78_m1.00
[391/1088] can_demo_123_zero_motion_t92_m1.00
[392/1088] can_demo_124_axis_impulse_t119_m1.00
[393/1088] can_demo_124_axis_impulse_t50_m1.00
[394/1088] can_demo_124_axis_impulse_t60_m1.00
[395/1088] can_demo_124_axis_impulse_t75_m1.00
[396/1088] can_demo_124_clean
[397/1088] can_demo_124_flip_gripper_t119_m1.00
[398/1088] can_demo_124_flip_gripper_t50_m1.00
[399/1088] can_demo_124_flip_gripper_t60_m1.00
[400/1088] can_demo_124_flip_gripper_t75_m1.00
[401/1088] can_demo_124_reverse_motion_t119_m1.00
[402/1088] can_demo_124_reverse_motion_t50_m1.00
[403/1088] can_demo_124_reverse_motion_t60_m1.00
[404/1088] can_demo_124_reverse_motion_t75_m1.00
[405/1088] can_demo_124_zero_motion_t119_m1.00
[406/1088] can_demo_124_zero_motion_t50_m1.00
[407/1088] can_demo_124_zero_motion_t60_m1.00
[408/1088] can_demo_124_zero_motion_t75_m1.00
[409/1088] can_demo_127_axis_impulse_t52_m1.00
[410/1088] can_demo_127_axis_impulse_t62_m1.00
[411/1088] can_demo_127_axis_impulse_t78_m1.00
[412/1088] can_demo_127_axis_impulse_t90_m1.00
[413/1088] can_demo_127_clean
[414/1088] can_demo_127_flip_gripper_t52_m1.00
[415/1088] can_demo_127_flip_gripper_t62_m1.00
[416/1088] can_demo_127_flip_gripper_t78_m1.00
[417/1088] can_demo_127_flip_gripper_t90_m1.00
[418/1088] can_demo_127_reverse_motion_t52_m1.00
[419/1088] can_demo_127_reverse_motion_t62_m1.00
[420/1088] can_demo_127_reverse_motion_t78_m1.00
[421/1088] can_demo_127_reverse_motion_t90_m1.00
[422/1088] can_demo_127_zero_motion_t52_m1.00
[423/1088] can_demo_127_zero_motion_t62_m1.00
[424/1088] can_demo_127_zero_motion_t78_m1.00
[425/1088] can_demo_127_zero_motion_t90_m1.00
[426/1088] can_demo_131_axis_impulse_t116_m1.00
[427/1088] can_demo_131_axis_impulse_t51_m1.00
[428/1088] can_demo_131_axis_impulse_t61_m1.00
[429/1088] can_demo_131_axis_impulse_t80_m1.00
[430/1088] can_demo_131_clean
[431/1088] can_demo_131_flip_gripper_t116_m1.00
[432/1088] can_demo_131_flip_gripper_t51_m1.00
[433/1088] can_demo_131_flip_gripper_t61_m1.00
[434/1088] can_demo_131_flip_gripper_t80_m1.00
[435/1088] can_demo_131_reverse_motion_t116_m1.00
[436/1088] can_demo_131_reverse_motion_t51_m1.00
[437/1088] can_demo_131_reverse_motion_t61_m1.00
[438/1088] can_demo_131_reverse_motion_t80_m1.00
[439/1088] can_demo_131_zero_motion_t116_m1.00
[440/1088] can_demo_131_zero_motion_t51_m1.00
[441/1088] can_demo_131_zero_motion_t61_m1.00
[442/1088] can_demo_131_zero_motion_t80_m1.00
[443/1088] can_demo_132_axis_impulse_t106_m1.00
[444/1088] can_demo_132_axis_impulse_t43_m1.00
[445/1088] can_demo_132_axis_impulse_t53_m1.00
[446/1088] can_demo_132_axis_impulse_t68_m1.00
[447/1088] can_demo_132_clean
[448/1088] can_demo_132_flip_gripper_t106_m1.00
[449/1088] can_demo_132_flip_gripper_t43_m1.00
[450/1088] can_demo_132_flip_gripper_t53_m1.00
[451/1088] can_demo_132_flip_gripper_t68_m1.00
[452/1088] can_demo_132_reverse_motion_t106_m1.00
[453/1088] can_demo_132_reverse_motion_t43_m1.00
[454/1088] can_demo_132_reverse_motion_t53_m1.00
[455/1088] can_demo_132_reverse_motion_t68_m1.00
[456/1088] can_demo_132_zero_motion_t106_m1.00
[457/1088] can_demo_132_zero_motion_t43_m1.00
[458/1088] can_demo_132_zero_motion_t53_m1.00
[459/1088] can_demo_132_zero_motion_t68_m1.00
[460/1088] can_demo_133_axis_impulse_t46_m1.00
[461/1088] can_demo_133_axis_impulse_t56_m1.00
[462/1088] can_demo_133_axis_impulse_t67_m1.00
[463/1088] can_demo_133_axis_impulse_t95_m1.00
[464/1088] can_demo_133_clean
[465/1088] can_demo_133_flip_gripper_t46_m1.00
[466/1088] can_demo_133_flip_gripper_t56_m1.00
[467/1088] can_demo_133_flip_gripper_t67_m1.00
[468/1088] can_demo_133_flip_gripper_t95_m1.00
[469/1088] can_demo_133_reverse_motion_t46_m1.00
[470/1088] can_demo_133_reverse_motion_t56_m1.00
[471/1088] can_demo_133_reverse_motion_t67_m1.00
[472/1088] can_demo_133_reverse_motion_t95_m1.00
[473/1088] can_demo_133_zero_motion_t46_m1.00
[474/1088] can_demo_133_zero_motion_t56_m1.00
[475/1088] can_demo_133_zero_motion_t67_m1.00
[476/1088] can_demo_133_zero_motion_t95_m1.00
[477/1088] can_demo_134_axis_impulse_t130_m1.00
[478/1088] can_demo_134_axis_impulse_t16_m1.00
[479/1088] can_demo_134_axis_impulse_t56_m1.00
[480/1088] can_demo_134_axis_impulse_t70_m1.00
[481/1088] can_demo_134_clean
[482/1088] can_demo_134_flip_gripper_t130_m1.00
[483/1088] can_demo_134_flip_gripper_t16_m1.00
[484/1088] can_demo_134_flip_gripper_t56_m1.00
[485/1088] can_demo_134_flip_gripper_t70_m1.00
[486/1088] can_demo_134_reverse_motion_t130_m1.00
[487/1088] can_demo_134_reverse_motion_t16_m1.00
[488/1088] can_demo_134_reverse_motion_t56_m1.00
[489/1088] can_demo_134_reverse_motion_t70_m1.00
[490/1088] can_demo_134_zero_motion_t130_m1.00
[491/1088] can_demo_134_zero_motion_t16_m1.00
[492/1088] can_demo_134_zero_motion_t56_m1.00
[493/1088] can_demo_134_zero_motion_t70_m1.00
[494/1088] can_demo_135_axis_impulse_t117_m1.00
[495/1088] can_demo_135_axis_impulse_t60_m1.00
[496/1088] can_demo_135_axis_impulse_t70_m1.00
[497/1088] can_demo_135_axis_impulse_t85_m1.00
[498/1088] can_demo_135_clean
[499/1088] can_demo_135_flip_gripper_t117_m1.00
[500/1088] can_demo_135_flip_gripper_t60_m1.00
[501/1088] can_demo_135_flip_gripper_t70_m1.00
[502/1088] can_demo_135_flip_gripper_t85_m1.00
[503/1088] can_demo_135_reverse_motion_t117_m1.00
[504/1088] can_demo_135_reverse_motion_t60_m1.00
[505/1088] can_demo_135_reverse_motion_t70_m1.00
[506/1088] can_demo_135_reverse_motion_t85_m1.00
[507/1088] can_demo_135_zero_motion_t117_m1.00
[508/1088] can_demo_135_zero_motion_t60_m1.00
[509/1088] can_demo_135_zero_motion_t70_m1.00
[510/1088] can_demo_135_zero_motion_t85_m1.00
[511/1088] can_demo_14_axis_impulse_t106_m1.00
[512/1088] can_demo_14_axis_impulse_t48_m1.00
[513/1088] can_demo_14_axis_impulse_t63_m1.00
[514/1088] can_demo_14_axis_impulse_t73_m1.00
[515/1088] can_demo_14_clean
[516/1088] can_demo_14_flip_gripper_t106_m1.00
[517/1088] can_demo_14_flip_gripper_t48_m1.00
[518/1088] can_demo_14_flip_gripper_t63_m1.00
[519/1088] can_demo_14_flip_gripper_t73_m1.00
[520/1088] can_demo_14_reverse_motion_t106_m1.00
[521/1088] can_demo_14_reverse_motion_t48_m1.00
[522/1088] can_demo_14_reverse_motion_t63_m1.00
[523/1088] can_demo_14_reverse_motion_t73_m1.00
[524/1088] can_demo_14_zero_motion_t106_m1.00
[525/1088] can_demo_14_zero_motion_t48_m1.00
[526/1088] can_demo_14_zero_motion_t63_m1.00
[527/1088] can_demo_14_zero_motion_t73_m1.00
[528/1088] can_demo_1_axis_impulse_t112_m1.00
[529/1088] can_demo_1_axis_impulse_t44_m1.00
[530/1088] can_demo_1_axis_impulse_t54_m1.00
[531/1088] can_demo_1_axis_impulse_t69_m1.00
[532/1088] can_demo_1_clean
[533/1088] can_demo_1_flip_gripper_t112_m1.00
[534/1088] can_demo_1_flip_gripper_t44_m1.00
[535/1088] can_demo_1_flip_gripper_t54_m1.00
[536/1088] can_demo_1_flip_gripper_t69_m1.00
[537/1088] can_demo_1_reverse_motion_t112_m1.00
[538/1088] can_demo_1_reverse_motion_t44_m1.00
[539/1088] can_demo_1_reverse_motion_t54_m1.00
[540/1088] can_demo_1_reverse_motion_t69_m1.00
[541/1088] can_demo_1_zero_motion_t112_m1.00
[542/1088] can_demo_1_zero_motion_t44_m1.00
[543/1088] can_demo_1_zero_motion_t54_m1.00
[544/1088] can_demo_1_zero_motion_t69_m1.00
[545/1088] square_demo_0_axis_impulse_t106_m0.25
[546/1088] square_demo_0_axis_impulse_t116_m0.25
[547/1088] square_demo_0_axis_impulse_t55_m0.25
[548/1088] square_demo_0_axis_impulse_t65_m0.25
[549/1088] square_demo_0_clean
[550/1088] square_demo_0_flip_gripper_t106_m0.50
[551/1088] square_demo_0_flip_gripper_t116_m0.50
[552/1088] square_demo_0_flip_gripper_t55_m0.50
[553/1088] square_demo_0_flip_gripper_t65_m0.50
[554/1088] square_demo_0_reverse_motion_t106_m0.25
[555/1088] square_demo_0_reverse_motion_t116_m0.25
[556/1088] square_demo_0_reverse_motion_t55_m0.25
[557/1088] square_demo_0_reverse_motion_t65_m0.25
[558/1088] square_demo_0_zero_motion_t106_m0.50
[559/1088] square_demo_0_zero_motion_t116_m0.50
[560/1088] square_demo_0_zero_motion_t55_m0.50
[561/1088] square_demo_0_zero_motion_t65_m0.50
[562/1088] square_demo_100_axis_impulse_t121_m0.25
[563/1088] square_demo_100_axis_impulse_t131_m0.25
[564/1088] square_demo_100_axis_impulse_t68_m0.25
[565/1088] square_demo_100_axis_impulse_t84_m0.25
[566/1088] square_demo_100_clean
[567/1088] square_demo_100_flip_gripper_t121_m0.50
[568/1088] square_demo_100_flip_gripper_t131_m0.50
[569/1088] square_demo_100_flip_gripper_t68_m0.50
[570/1088] square_demo_100_flip_gripper_t84_m0.50
[571/1088] square_demo_100_reverse_motion_t121_m0.25
[572/1088] square_demo_100_reverse_motion_t131_m0.25
[573/1088] square_demo_100_reverse_motion_t68_m0.25
[574/1088] square_demo_100_reverse_motion_t84_m0.25
[575/1088] square_demo_100_zero_motion_t121_m0.50
[576/1088] square_demo_100_zero_motion_t131_m0.50
[577/1088] square_demo_100_zero_motion_t68_m0.50
[578/1088] square_demo_100_zero_motion_t84_m0.50
[579/1088] square_demo_101_axis_impulse_t155_m0.25
[580/1088] square_demo_101_axis_impulse_t65_m0.25
[581/1088] square_demo_101_axis_impulse_t78_m0.25
[582/1088] square_demo_101_axis_impulse_t88_m0.25
[583/1088] square_demo_101_clean
[584/1088] square_demo_101_flip_gripper_t155_m0.50
[585/1088] square_demo_101_flip_gripper_t65_m0.50
[586/1088] square_demo_101_flip_gripper_t78_m0.50
[587/1088] square_demo_101_flip_gripper_t88_m0.50
[588/1088] square_demo_101_reverse_motion_t155_m0.25
[589/1088] square_demo_101_reverse_motion_t65_m0.25
[590/1088] square_demo_101_reverse_motion_t78_m0.25
[591/1088] square_demo_101_reverse_motion_t88_m0.25
[592/1088] square_demo_101_zero_motion_t155_m0.50
[593/1088] square_demo_101_zero_motion_t65_m0.50
[594/1088] square_demo_101_zero_motion_t78_m0.50
[595/1088] square_demo_101_zero_motion_t88_m0.50
[596/1088] square_demo_103_axis_impulse_t115_m0.25
[597/1088] square_demo_103_axis_impulse_t147_m0.25
[598/1088] square_demo_103_axis_impulse_t72_m0.25
[599/1088] square_demo_103_axis_impulse_t82_m0.25
[600/1088] square_demo_103_clean
[601/1088] square_demo_103_flip_gripper_t115_m0.50
[602/1088] square_demo_103_flip_gripper_t147_m0.50
[603/1088] square_demo_103_flip_gripper_t72_m0.50
[604/1088] square_demo_103_flip_gripper_t82_m0.50
[605/1088] square_demo_103_reverse_motion_t115_m0.25
[606/1088] square_demo_103_reverse_motion_t147_m0.25
[607/1088] square_demo_103_reverse_motion_t72_m0.25
[608/1088] square_demo_103_reverse_motion_t82_m0.25
[609/1088] square_demo_103_zero_motion_t115_m0.50
[610/1088] square_demo_103_zero_motion_t147_m0.50
[611/1088] square_demo_103_zero_motion_t72_m0.50
[612/1088] square_demo_103_zero_motion_t82_m0.50
[613/1088] square_demo_104_axis_impulse_t45_m0.25
[614/1088] square_demo_104_axis_impulse_t60_m0.25
[615/1088] square_demo_104_axis_impulse_t70_m0.25
[616/1088] square_demo_104_axis_impulse_t87_m0.25
[617/1088] square_demo_104_clean
[618/1088] square_demo_104_flip_gripper_t45_m0.50
[619/1088] square_demo_104_flip_gripper_t60_m0.50
[620/1088] square_demo_104_flip_gripper_t70_m0.50
[621/1088] square_demo_104_flip_gripper_t87_m0.50
[622/1088] square_demo_104_reverse_motion_t45_m0.25
[623/1088] square_demo_104_reverse_motion_t60_m0.25
[624/1088] square_demo_104_reverse_motion_t70_m0.25
[625/1088] square_demo_104_reverse_motion_t87_m0.25
[626/1088] square_demo_104_zero_motion_t45_m0.50
[627/1088] square_demo_104_zero_motion_t60_m0.50
[628/1088] square_demo_104_zero_motion_t70_m0.50
[629/1088] square_demo_104_zero_motion_t87_m0.50
[630/1088] square_demo_105_axis_impulse_t134_m0.25
[631/1088] square_demo_105_axis_impulse_t63_m0.25
[632/1088] square_demo_105_axis_impulse_t73_m0.25
[633/1088] square_demo_105_axis_impulse_t83_m0.25
[634/1088] square_demo_105_clean
[635/1088] square_demo_105_flip_gripper_t134_m0.50
[636/1088] square_demo_105_flip_gripper_t63_m0.50
[637/1088] square_demo_105_flip_gripper_t73_m0.50
[638/1088] square_demo_105_flip_gripper_t83_m0.50
[639/1088] square_demo_105_reverse_motion_t134_m0.25
[640/1088] square_demo_105_reverse_motion_t63_m0.25
[641/1088] square_demo_105_reverse_motion_t73_m0.25
[642/1088] square_demo_105_reverse_motion_t83_m0.25
[643/1088] square_demo_105_zero_motion_t134_m0.50
[644/1088] square_demo_105_zero_motion_t63_m0.50
[645/1088] square_demo_105_zero_motion_t73_m0.50
[646/1088] square_demo_105_zero_motion_t83_m0.50
[647/1088] square_demo_108_axis_impulse_t121_m0.25
[648/1088] square_demo_108_axis_impulse_t132_m0.25
[649/1088] square_demo_108_axis_impulse_t68_m0.25
[650/1088] square_demo_108_axis_impulse_t78_m0.25
[651/1088] square_demo_108_clean
[652/1088] square_demo_108_flip_gripper_t121_m0.50
[653/1088] square_demo_108_flip_gripper_t132_m0.50
[654/1088] square_demo_108_flip_gripper_t68_m0.50
[655/1088] square_demo_108_flip_gripper_t78_m0.50
[656/1088] square_demo_108_reverse_motion_t121_m0.25
[657/1088] square_demo_108_reverse_motion_t132_m0.25
[658/1088] square_demo_108_reverse_motion_t68_m0.25
[659/1088] square_demo_108_reverse_motion_t78_m0.25
[660/1088] square_demo_108_zero_motion_t121_m0.50
[661/1088] square_demo_108_zero_motion_t132_m0.50
[662/1088] square_demo_108_zero_motion_t68_m0.50
[663/1088] square_demo_108_zero_motion_t78_m0.50
[664/1088] square_demo_109_axis_impulse_t144_m0.25
[665/1088] square_demo_109_axis_impulse_t46_m0.25
[666/1088] square_demo_109_axis_impulse_t62_m0.25
[667/1088] square_demo_109_axis_impulse_t78_m0.25
[668/1088] square_demo_109_clean
[669/1088] square_demo_109_flip_gripper_t144_m0.50
[670/1088] square_demo_109_flip_gripper_t46_m0.50
[671/1088] square_demo_109_flip_gripper_t62_m0.50
[672/1088] square_demo_109_flip_gripper_t78_m0.50
[673/1088] square_demo_109_reverse_motion_t144_m0.25
[674/1088] square_demo_109_reverse_motion_t46_m0.25
[675/1088] square_demo_109_reverse_motion_t62_m0.25
[676/1088] square_demo_109_reverse_motion_t78_m0.25
[677/1088] square_demo_109_zero_motion_t144_m0.50
[678/1088] square_demo_109_zero_motion_t46_m0.50
[679/1088] square_demo_109_zero_motion_t62_m0.50
[680/1088] square_demo_109_zero_motion_t78_m0.50
[681/1088] square_demo_10_axis_impulse_t126_m0.25
[682/1088] square_demo_10_axis_impulse_t54_m0.25
[683/1088] square_demo_10_axis_impulse_t64_m0.25
[684/1088] square_demo_10_axis_impulse_t79_m0.25
[685/1088] square_demo_10_clean
[686/1088] square_demo_10_flip_gripper_t126_m0.50
[687/1088] square_demo_10_flip_gripper_t54_m0.50
[688/1088] square_demo_10_flip_gripper_t64_m0.50
[689/1088] square_demo_10_flip_gripper_t79_m0.50
[690/1088] square_demo_10_reverse_motion_t126_m0.25
[691/1088] square_demo_10_reverse_motion_t54_m0.25
[692/1088] square_demo_10_reverse_motion_t64_m0.25
[693/1088] square_demo_10_reverse_motion_t79_m0.25
[694/1088] square_demo_10_zero_motion_t126_m0.50
[695/1088] square_demo_10_zero_motion_t54_m0.50
[696/1088] square_demo_10_zero_motion_t64_m0.50
[697/1088] square_demo_10_zero_motion_t79_m0.50
[698/1088] square_demo_110_axis_impulse_t119_m0.25
[699/1088] square_demo_110_axis_impulse_t55_m0.25
[700/1088] square_demo_110_axis_impulse_t65_m0.25
[701/1088] square_demo_110_axis_impulse_t85_m0.25
[702/1088] square_demo_110_clean
[703/1088] square_demo_110_flip_gripper_t119_m0.50
[704/1088] square_demo_110_flip_gripper_t55_m0.50
[705/1088] square_demo_110_flip_gripper_t65_m0.50
[706/1088] square_demo_110_flip_gripper_t85_m0.50
[707/1088] square_demo_110_reverse_motion_t119_m0.25
[708/1088] square_demo_110_reverse_motion_t55_m0.25
[709/1088] square_demo_110_reverse_motion_t65_m0.25
[710/1088] square_demo_110_reverse_motion_t85_m0.25
[711/1088] square_demo_110_zero_motion_t119_m0.50
[712/1088] square_demo_110_zero_motion_t55_m0.50
[713/1088] square_demo_110_zero_motion_t65_m0.50
[714/1088] square_demo_110_zero_motion_t85_m0.50
[715/1088] square_demo_111_axis_impulse_t119_m0.25
[716/1088] square_demo_111_axis_impulse_t61_m0.25
[717/1088] square_demo_111_axis_impulse_t71_m0.25
[718/1088] square_demo_111_axis_impulse_t97_m0.25
[719/1088] square_demo_111_clean
[720/1088] square_demo_111_flip_gripper_t119_m0.50
[721/1088] square_demo_111_flip_gripper_t61_m0.50
[722/1088] square_demo_111_flip_gripper_t71_m0.50
[723/1088] square_demo_111_flip_gripper_t97_m0.50
[724/1088] square_demo_111_reverse_motion_t119_m0.25
[725/1088] square_demo_111_reverse_motion_t61_m0.25
[726/1088] square_demo_111_reverse_motion_t71_m0.25
[727/1088] square_demo_111_reverse_motion_t97_m0.25
[728/1088] square_demo_111_zero_motion_t119_m0.50
[729/1088] square_demo_111_zero_motion_t61_m0.50
[730/1088] square_demo_111_zero_motion_t71_m0.50
[731/1088] square_demo_111_zero_motion_t97_m0.50
[732/1088] square_demo_112_axis_impulse_t102_m0.25
[733/1088] square_demo_112_axis_impulse_t118_m0.25
[734/1088] square_demo_112_axis_impulse_t64_m0.25
[735/1088] square_demo_112_axis_impulse_t74_m0.25
[736/1088] square_demo_112_clean
[737/1088] square_demo_112_flip_gripper_t102_m0.50
[738/1088] square_demo_112_flip_gripper_t118_m0.50
[739/1088] square_demo_112_flip_gripper_t64_m0.50
[740/1088] square_demo_112_flip_gripper_t74_m0.50
[741/1088] square_demo_112_reverse_motion_t102_m0.25
[742/1088] square_demo_112_reverse_motion_t118_m0.25
[743/1088] square_demo_112_reverse_motion_t64_m0.25
[744/1088] square_demo_112_reverse_motion_t74_m0.25
[745/1088] square_demo_112_zero_motion_t102_m0.50
[746/1088] square_demo_112_zero_motion_t118_m0.50
[747/1088] square_demo_112_zero_motion_t64_m0.50
[748/1088] square_demo_112_zero_motion_t74_m0.50
[749/1088] square_demo_113_axis_impulse_t167_m0.25
[750/1088] square_demo_113_axis_impulse_t66_m0.25
[751/1088] square_demo_113_axis_impulse_t84_m0.25
[752/1088] square_demo_113_axis_impulse_t94_m0.25
[753/1088] square_demo_113_clean
[754/1088] square_demo_113_flip_gripper_t167_m0.50
[755/1088] square_demo_113_flip_gripper_t66_m0.50
[756/1088] square_demo_113_flip_gripper_t84_m0.50
[757/1088] square_demo_113_flip_gripper_t94_m0.50
[758/1088] square_demo_113_reverse_motion_t167_m0.25
[759/1088] square_demo_113_reverse_motion_t66_m0.25
[760/1088] square_demo_113_reverse_motion_t84_m0.25
[761/1088] square_demo_113_reverse_motion_t94_m0.25
[762/1088] square_demo_113_zero_motion_t167_m0.50
[763/1088] square_demo_113_zero_motion_t66_m0.50
[764/1088] square_demo_113_zero_motion_t84_m0.50
[765/1088] square_demo_113_zero_motion_t94_m0.50
[766/1088] square_demo_114_axis_impulse_t103_m0.25
[767/1088] square_demo_114_axis_impulse_t122_m0.25
[768/1088] square_demo_114_axis_impulse_t59_m0.25
[769/1088] square_demo_114_axis_impulse_t69_m0.25
[770/1088] square_demo_114_clean
[771/1088] square_demo_114_flip_gripper_t103_m0.50
[772/1088] square_demo_114_flip_gripper_t122_m0.50
[773/1088] square_demo_114_flip_gripper_t59_m0.50
[774/1088] square_demo_114_flip_gripper_t69_m0.50
[775/1088] square_demo_114_reverse_motion_t103_m0.25
[776/1088] square_demo_114_reverse_motion_t122_m0.25
[777/1088] square_demo_114_reverse_motion_t59_m0.25
[778/1088] square_demo_114_reverse_motion_t69_m0.25
[779/1088] square_demo_114_zero_motion_t103_m0.50
[780/1088] square_demo_114_zero_motion_t122_m0.50
[781/1088] square_demo_114_zero_motion_t59_m0.50
[782/1088] square_demo_114_zero_motion_t69_m0.50
[783/1088] square_demo_116_axis_impulse_t129_m0.25
[784/1088] square_demo_116_axis_impulse_t152_m0.25
[785/1088] square_demo_116_axis_impulse_t70_m0.25
[786/1088] square_demo_116_axis_impulse_t82_m0.25
[787/1088] square_demo_116_clean
[788/1088] square_demo_116_flip_gripper_t129_m0.50
[789/1088] square_demo_116_flip_gripper_t152_m0.50
[790/1088] square_demo_116_flip_gripper_t70_m0.50
[791/1088] square_demo_116_flip_gripper_t82_m0.50
[792/1088] square_demo_116_reverse_motion_t129_m0.25
[793/1088] square_demo_116_reverse_motion_t152_m0.25
[794/1088] square_demo_116_reverse_motion_t70_m0.25
[795/1088] square_demo_116_reverse_motion_t82_m0.25
[796/1088] square_demo_116_zero_motion_t129_m0.50
[797/1088] square_demo_116_zero_motion_t152_m0.50
[798/1088] square_demo_116_zero_motion_t70_m0.50
[799/1088] square_demo_116_zero_motion_t82_m0.50
[800/1088] square_demo_117_axis_impulse_t102_m0.25
[801/1088] square_demo_117_axis_impulse_t117_m0.25
[802/1088] square_demo_117_axis_impulse_t62_m0.25
[803/1088] square_demo_117_axis_impulse_t72_m0.25
[804/1088] square_demo_117_clean
[805/1088] square_demo_117_flip_gripper_t102_m0.50
[806/1088] square_demo_117_flip_gripper_t117_m0.50
[807/1088] square_demo_117_flip_gripper_t62_m0.50
[808/1088] square_demo_117_flip_gripper_t72_m0.50
[809/1088] square_demo_117_reverse_motion_t102_m0.25
[810/1088] square_demo_117_reverse_motion_t117_m0.25
[811/1088] square_demo_117_reverse_motion_t62_m0.25
[812/1088] square_demo_117_reverse_motion_t72_m0.25
[813/1088] square_demo_117_zero_motion_t102_m0.50
[814/1088] square_demo_117_zero_motion_t117_m0.50
[815/1088] square_demo_117_zero_motion_t62_m0.50
[816/1088] square_demo_117_zero_motion_t72_m0.50
[817/1088] square_demo_118_axis_impulse_t110_m0.25
[818/1088] square_demo_118_axis_impulse_t53_m0.25
[819/1088] square_demo_118_axis_impulse_t71_m0.25
[820/1088] square_demo_118_axis_impulse_t81_m0.25
[821/1088] square_demo_118_clean
[822/1088] square_demo_118_flip_gripper_t110_m0.50
[823/1088] square_demo_118_flip_gripper_t53_m0.50
[824/1088] square_demo_118_flip_gripper_t71_m0.50
[825/1088] square_demo_118_flip_gripper_t81_m0.50
[826/1088] square_demo_118_reverse_motion_t110_m0.25
[827/1088] square_demo_118_reverse_motion_t53_m0.25
[828/1088] square_demo_118_reverse_motion_t71_m0.25
[829/1088] square_demo_118_reverse_motion_t81_m0.25
[830/1088] square_demo_118_zero_motion_t110_m0.50
[831/1088] square_demo_118_zero_motion_t53_m0.50
[832/1088] square_demo_118_zero_motion_t71_m0.50
[833/1088] square_demo_118_zero_motion_t81_m0.50
[834/1088] square_demo_119_axis_impulse_t140_m0.25
[835/1088] square_demo_119_axis_impulse_t77_m0.25
[836/1088] square_demo_119_axis_impulse_t87_m0.25
[837/1088] square_demo_119_axis_impulse_t98_m0.25
[838/1088] square_demo_119_clean
[839/1088] square_demo_119_flip_gripper_t140_m0.50
[840/1088] square_demo_119_flip_gripper_t77_m0.50
[841/1088] square_demo_119_flip_gripper_t87_m0.50
[842/1088] square_demo_119_flip_gripper_t98_m0.50
[843/1088] square_demo_119_reverse_motion_t140_m0.25
[844/1088] square_demo_119_reverse_motion_t77_m0.25
[845/1088] square_demo_119_reverse_motion_t87_m0.25
[846/1088] square_demo_119_reverse_motion_t98_m0.25
[847/1088] square_demo_119_zero_motion_t140_m0.50
[848/1088] square_demo_119_zero_motion_t77_m0.50
[849/1088] square_demo_119_zero_motion_t87_m0.50
[850/1088] square_demo_119_zero_motion_t98_m0.50
[851/1088] square_demo_120_axis_impulse_t161_m0.25
[852/1088] square_demo_120_axis_impulse_t61_m0.25
[853/1088] square_demo_120_axis_impulse_t82_m0.25
[854/1088] square_demo_120_axis_impulse_t92_m0.25
[855/1088] square_demo_120_clean
[856/1088] square_demo_120_flip_gripper_t161_m0.50
[857/1088] square_demo_120_flip_gripper_t61_m0.50
[858/1088] square_demo_120_flip_gripper_t82_m0.50
[859/1088] square_demo_120_flip_gripper_t92_m0.50
[860/1088] square_demo_120_reverse_motion_t161_m0.25
[861/1088] square_demo_120_reverse_motion_t61_m0.25
[862/1088] square_demo_120_reverse_motion_t82_m0.25
[863/1088] square_demo_120_reverse_motion_t92_m0.25
[864/1088] square_demo_120_zero_motion_t161_m0.50
[865/1088] square_demo_120_zero_motion_t61_m0.50
[866/1088] square_demo_120_zero_motion_t82_m0.50
[867/1088] square_demo_120_zero_motion_t92_m0.50
[868/1088] square_demo_121_axis_impulse_t131_m0.25
[869/1088] square_demo_121_axis_impulse_t56_m0.25
[870/1088] square_demo_121_axis_impulse_t66_m0.25
[871/1088] square_demo_121_axis_impulse_t76_m0.25
[872/1088] square_demo_121_clean
[873/1088] square_demo_121_flip_gripper_t131_m0.50
[874/1088] square_demo_121_flip_gripper_t56_m0.50
[875/1088] square_demo_121_flip_gripper_t66_m0.50
[876/1088] square_demo_121_flip_gripper_t76_m0.50
[877/1088] square_demo_121_reverse_motion_t131_m0.25
[878/1088] square_demo_121_reverse_motion_t56_m0.25
[879/1088] square_demo_121_reverse_motion_t66_m0.25
[880/1088] square_demo_121_reverse_motion_t76_m0.25
[881/1088] square_demo_121_zero_motion_t131_m0.50
[882/1088] square_demo_121_zero_motion_t56_m0.50
[883/1088] square_demo_121_zero_motion_t66_m0.50
[884/1088] square_demo_121_zero_motion_t76_m0.50
[885/1088] square_demo_122_axis_impulse_t122_m0.25
[886/1088] square_demo_122_axis_impulse_t136_m0.25
[887/1088] square_demo_122_axis_impulse_t64_m0.25
[888/1088] square_demo_122_axis_impulse_t74_m0.25
[889/1088] square_demo_122_clean
[890/1088] square_demo_122_flip_gripper_t122_m0.50
[891/1088] square_demo_122_flip_gripper_t136_m0.50
[892/1088] square_demo_122_flip_gripper_t64_m0.50
[893/1088] square_demo_122_flip_gripper_t74_m0.50
[894/1088] square_demo_122_reverse_motion_t122_m0.25
[895/1088] square_demo_122_reverse_motion_t136_m0.25
[896/1088] square_demo_122_reverse_motion_t64_m0.25
[897/1088] square_demo_122_reverse_motion_t74_m0.25
[898/1088] square_demo_122_zero_motion_t122_m0.50
[899/1088] square_demo_122_zero_motion_t136_m0.50
[900/1088] square_demo_122_zero_motion_t64_m0.50
[901/1088] square_demo_122_zero_motion_t74_m0.50
[902/1088] square_demo_123_axis_impulse_t118_m0.25
[903/1088] square_demo_123_axis_impulse_t41_m0.25
[904/1088] square_demo_123_axis_impulse_t65_m0.25
[905/1088] square_demo_123_axis_impulse_t75_m0.25
[906/1088] square_demo_123_clean
[907/1088] square_demo_123_flip_gripper_t118_m0.50
[908/1088] square_demo_123_flip_gripper_t41_m0.50
[909/1088] square_demo_123_flip_gripper_t65_m0.50
[910/1088] square_demo_123_flip_gripper_t75_m0.50
[911/1088] square_demo_123_reverse_motion_t118_m0.25
[912/1088] square_demo_123_reverse_motion_t41_m0.25
[913/1088] square_demo_123_reverse_motion_t65_m0.25
[914/1088] square_demo_123_reverse_motion_t75_m0.25
[915/1088] square_demo_123_zero_motion_t118_m0.50
[916/1088] square_demo_123_zero_motion_t41_m0.50
[917/1088] square_demo_123_zero_motion_t65_m0.50
[918/1088] square_demo_123_zero_motion_t75_m0.50
[919/1088] square_demo_125_axis_impulse_t103_m0.25
[920/1088] square_demo_125_axis_impulse_t132_m0.25
[921/1088] square_demo_125_axis_impulse_t68_m0.25
[922/1088] square_demo_125_axis_impulse_t78_m0.25
[923/1088] square_demo_125_clean
[924/1088] square_demo_125_flip_gripper_t103_m0.50
[925/1088] square_demo_125_flip_gripper_t132_m0.50
[926/1088] square_demo_125_flip_gripper_t68_m0.50
[927/1088] square_demo_125_flip_gripper_t78_m0.50
[928/1088] square_demo_125_reverse_motion_t103_m0.25
[929/1088] square_demo_125_reverse_motion_t132_m0.25
[930/1088] square_demo_125_reverse_motion_t68_m0.25
[931/1088] square_demo_125_reverse_motion_t78_m0.25
[932/1088] square_demo_125_zero_motion_t103_m0.50
[933/1088] square_demo_125_zero_motion_t132_m0.50
[934/1088] square_demo_125_zero_motion_t68_m0.50
[935/1088] square_demo_125_zero_motion_t78_m0.50
[936/1088] square_demo_128_axis_impulse_t103_m0.25
[937/1088] square_demo_128_axis_impulse_t125_m0.25
[938/1088] square_demo_128_axis_impulse_t61_m0.25
[939/1088] square_demo_128_axis_impulse_t72_m0.25
[940/1088] square_demo_128_clean
[941/1088] square_demo_128_flip_gripper_t103_m0.50
[942/1088] square_demo_128_flip_gripper_t125_m0.50
[943/1088] square_demo_128_flip_gripper_t61_m0.50
[944/1088] square_demo_128_flip_gripper_t72_m0.50
[945/1088] square_demo_128_reverse_motion_t103_m0.25
[946/1088] square_demo_128_reverse_motion_t125_m0.25
[947/1088] square_demo_128_reverse_motion_t61_m0.25
[948/1088] square_demo_128_reverse_motion_t72_m0.25
[949/1088] square_demo_128_zero_motion_t103_m0.50
[950/1088] square_demo_128_zero_motion_t125_m0.50
[951/1088] square_demo_128_zero_motion_t61_m0.50
[952/1088] square_demo_128_zero_motion_t72_m0.50
[953/1088] square_demo_129_axis_impulse_t133_m0.25
[954/1088] square_demo_129_axis_impulse_t143_m0.25
[955/1088] square_demo_129_axis_impulse_t77_m0.25
[956/1088] square_demo_129_axis_impulse_t96_m0.25
[957/1088] square_demo_129_clean
[958/1088] square_demo_129_flip_gripper_t133_m0.50
[959/1088] square_demo_129_flip_gripper_t143_m0.50
[960/1088] square_demo_129_flip_gripper_t77_m0.50
[961/1088] square_demo_129_flip_gripper_t96_m0.50
[962/1088] square_demo_129_reverse_motion_t133_m0.25
[963/1088] square_demo_129_reverse_motion_t143_m0.25
[964/1088] square_demo_129_reverse_motion_t77_m0.25
[965/1088] square_demo_129_reverse_motion_t96_m0.25
[966/1088] square_demo_129_zero_motion_t133_m0.50
[967/1088] square_demo_129_zero_motion_t143_m0.50
[968/1088] square_demo_129_zero_motion_t77_m0.50
[969/1088] square_demo_129_zero_motion_t96_m0.50
[970/1088] square_demo_12_axis_impulse_t105_m0.25
[971/1088] square_demo_12_axis_impulse_t119_m0.25
[972/1088] square_demo_12_axis_impulse_t66_m0.25
[973/1088] square_demo_12_axis_impulse_t91_m0.25
[974/1088] square_demo_12_clean
[975/1088] square_demo_12_flip_gripper_t105_m0.50
[976/1088] square_demo_12_flip_gripper_t119_m0.50
[977/1088] square_demo_12_flip_gripper_t66_m0.50
[978/1088] square_demo_12_flip_gripper_t91_m0.50
[979/1088] square_demo_12_reverse_motion_t105_m0.25
[980/1088] square_demo_12_reverse_motion_t119_m0.25
[981/1088] square_demo_12_reverse_motion_t66_m0.25
[982/1088] square_demo_12_reverse_motion_t91_m0.25
[983/1088] square_demo_12_zero_motion_t105_m0.50
[984/1088] square_demo_12_zero_motion_t119_m0.50
[985/1088] square_demo_12_zero_motion_t66_m0.50
[986/1088] square_demo_12_zero_motion_t91_m0.50
[987/1088] square_demo_131_axis_impulse_t129_m0.25
[988/1088] square_demo_131_axis_impulse_t50_m0.25
[989/1088] square_demo_131_axis_impulse_t60_m0.25
[990/1088] square_demo_131_axis_impulse_t70_m0.25
[991/1088] square_demo_131_clean
[992/1088] square_demo_131_flip_gripper_t129_m0.50
[993/1088] square_demo_131_flip_gripper_t50_m0.50
[994/1088] square_demo_131_flip_gripper_t60_m0.50
[995/1088] square_demo_131_flip_gripper_t70_m0.50
[996/1088] square_demo_131_reverse_motion_t129_m0.25
[997/1088] square_demo_131_reverse_motion_t50_m0.25
[998/1088] square_demo_131_reverse_motion_t60_m0.25
[999/1088] square_demo_131_reverse_motion_t70_m0.25
[1000/1088] square_demo_131_zero_motion_t129_m0.50
[1001/1088] square_demo_131_zero_motion_t50_m0.50
[1002/1088] square_demo_131_zero_motion_t60_m0.50
[1003/1088] square_demo_131_zero_motion_t70_m0.50
[1004/1088] square_demo_132_axis_impulse_t142_m0.25
[1005/1088] square_demo_132_axis_impulse_t61_m0.25
[1006/1088] square_demo_132_axis_impulse_t74_m0.25
[1007/1088] square_demo_132_axis_impulse_t84_m0.25
[1008/1088] square_demo_132_clean
[1009/1088] square_demo_132_flip_gripper_t142_m0.50
[1010/1088] square_demo_132_flip_gripper_t61_m0.50
[1011/1088] square_demo_132_flip_gripper_t74_m0.50
[1012/1088] square_demo_132_flip_gripper_t84_m0.50
[1013/1088] square_demo_132_reverse_motion_t142_m0.25
[1014/1088] square_demo_132_reverse_motion_t61_m0.25
[1015/1088] square_demo_132_reverse_motion_t74_m0.25
[1016/1088] square_demo_132_reverse_motion_t84_m0.25
[1017/1088] square_demo_132_zero_motion_t142_m0.50
[1018/1088] square_demo_132_zero_motion_t61_m0.50
[1019/1088] square_demo_132_zero_motion_t74_m0.50
[1020/1088] square_demo_132_zero_motion_t84_m0.50
[1021/1088] square_demo_134_axis_impulse_t100_m0.25
[1022/1088] square_demo_134_axis_impulse_t122_m0.25
[1023/1088] square_demo_134_axis_impulse_t66_m0.25
[1024/1088] square_demo_134_axis_impulse_t77_m0.25
[1025/1088] square_demo_134_clean
[1026/1088] square_demo_134_flip_gripper_t100_m0.50
[1027/1088] square_demo_134_flip_gripper_t122_m0.50
[1028/1088] square_demo_134_flip_gripper_t66_m0.50
[1029/1088] square_demo_134_flip_gripper_t77_m0.50
[1030/1088] square_demo_134_reverse_motion_t100_m0.25
[1031/1088] square_demo_134_reverse_motion_t122_m0.25
[1032/1088] square_demo_134_reverse_motion_t66_m0.25
[1033/1088] square_demo_134_reverse_motion_t77_m0.25
[1034/1088] square_demo_134_zero_motion_t100_m0.50
[1035/1088] square_demo_134_zero_motion_t122_m0.50
[1036/1088] square_demo_134_zero_motion_t66_m0.50
[1037/1088] square_demo_134_zero_motion_t77_m0.50
[1038/1088] square_demo_135_axis_impulse_t129_m0.25
[1039/1088] square_demo_135_axis_impulse_t34_m0.25
[1040/1088] square_demo_135_axis_impulse_t56_m0.25
[1041/1088] square_demo_135_axis_impulse_t68_m0.25
[1042/1088] square_demo_135_clean
[1043/1088] square_demo_135_flip_gripper_t129_m0.50
[1044/1088] square_demo_135_flip_gripper_t34_m0.50
[1045/1088] square_demo_135_flip_gripper_t56_m0.50
[1046/1088] square_demo_135_flip_gripper_t68_m0.50
[1047/1088] square_demo_135_reverse_motion_t129_m0.25
[1048/1088] square_demo_135_reverse_motion_t34_m0.25
[1049/1088] square_demo_135_reverse_motion_t56_m0.25
[1050/1088] square_demo_135_reverse_motion_t68_m0.25
[1051/1088] square_demo_135_zero_motion_t129_m0.50
[1052/1088] square_demo_135_zero_motion_t34_m0.50
[1053/1088] square_demo_135_zero_motion_t56_m0.50
[1054/1088] square_demo_135_zero_motion_t68_m0.50
[1055/1088] square_demo_136_axis_impulse_t130_m0.25
[1056/1088] square_demo_136_axis_impulse_t57_m0.25
[1057/1088] square_demo_136_axis_impulse_t68_m0.25
[1058/1088] square_demo_136_axis_impulse_t82_m0.25
[1059/1088] square_demo_136_clean
[1060/1088] square_demo_136_flip_gripper_t130_m0.50
[1061/1088] square_demo_136_flip_gripper_t57_m0.50
[1062/1088] square_demo_136_flip_gripper_t68_m0.50
[1063/1088] square_demo_136_flip_gripper_t82_m0.50
[1064/1088] square_demo_136_reverse_motion_t130_m0.25
[1065/1088] square_demo_136_reverse_motion_t57_m0.25
[1066/1088] square_demo_136_reverse_motion_t68_m0.25
[1067/1088] square_demo_136_reverse_motion_t82_m0.25
[1068/1088] square_demo_136_zero_motion_t130_m0.50
[1069/1088] square_demo_136_zero_motion_t57_m0.50
[1070/1088] square_demo_136_zero_motion_t68_m0.50
[1071/1088] square_demo_136_zero_motion_t82_m0.50
[1072/1088] square_demo_14_axis_impulse_t104_m0.25
[1073/1088] square_demo_14_axis_impulse_t39_m0.25
[1074/1088] square_demo_14_axis_impulse_t57_m0.25
[1075/1088] square_demo_14_axis_impulse_t76_m0.25
[1076/1088] square_demo_14_clean
[1077/1088] square_demo_14_flip_gripper_t104_m0.50
[1078/1088] square_demo_14_flip_gripper_t39_m0.50
[1079/1088] square_demo_14_flip_gripper_t57_m0.50
[1080/1088] square_demo_14_flip_gripper_t76_m0.50
[1081/1088] square_demo_14_reverse_motion_t104_m0.25
[1082/1088] square_demo_14_reverse_motion_t39_m0.25
[1083/1088] square_demo_14_reverse_motion_t57_m0.25
[1084/1088] square_demo_14_reverse_motion_t76_m0.25
[1085/1088] square_demo_14_zero_motion_t104_m0.50
[1086/1088] square_demo_14_zero_motion_t39_m0.50
[1087/1088] square_demo_14_zero_motion_t57_m0.50
[1088/1088] square_demo_14_zero_motion_t76_m0.50
{
  "feature_index_sha256": "dd5c0d169e37d3742fb22da98cab3996c5adcf8600933d364994f42de9cb43df",
  "group_count": 1088,
  "image_alignment": "pre_action",
  "image_embedding_dim": 768,
  "labels_sha256": "453cf13163af8bc458abe9bac6626a212039ab84fc32be06a3755ac6a93b76b1",
  "split_group_counts": {
    "train": 816,
    "validation": 272
  },
  "split_transition_counts": {
    "train": 105366,
    "validation": 34714
  },
  "state_pad_dim": 71,
  "transition_count": 140080,
  "visual_encoder": "facebook/dinov2-base"
}
